Archive member included to satisfy reference by file (symbol)

c:/progra~2/gnuarm~1/102021~1.10/bin/../lib/gcc/arm-none-eabi/10.3.1/thumb/v7-m/nofp\libgcc.a(_arm_muldf3.o)
                              CMakeFiles/FLY_SKY_01.elf.dir/Core/mpu/inv_mpu.c.obj (__aeabi_dmul)
c:/progra~2/gnuarm~1/102021~1.10/bin/../lib/gcc/arm-none-eabi/10.3.1/thumb/v7-m/nofp\libgcc.a(_arm_mulsf3.o)
                              CMakeFiles/FLY_SKY_01.elf.dir/Core/Src/ETC.c.obj (__aeabi_fmul)
c:/progra~2/gnuarm~1/102021~1.10/bin/../lib/gcc/arm-none-eabi/10.3.1/thumb/v7-m/nofp\libgcc.a(_arm_addsubdf3.o)
                              CMakeFiles/FLY_SKY_01.elf.dir/Core/mpu/mpu6050.c.obj (__aeabi_dadd)
c:/progra~2/gnuarm~1/102021~1.10/bin/../lib/gcc/arm-none-eabi/10.3.1/thumb/v7-m/nofp\libgcc.a(_arm_muldivdf3.o)
                              CMakeFiles/FLY_SKY_01.elf.dir/Core/mpu/mpu6050.c.obj (__aeabi_ddiv)
c:/progra~2/gnuarm~1/102021~1.10/bin/../lib/gcc/arm-none-eabi/10.3.1/thumb/v7-m/nofp\libgcc.a(_arm_truncdfsf2.o)
                              CMakeFiles/FLY_SKY_01.elf.dir/Core/mpu/inv_mpu.c.obj (__aeabi_d2f)
c:/progra~2/gnuarm~1/102021~1.10/bin/../lib/gcc/arm-none-eabi/10.3.1/thumb/v7-m/nofp\libgcc.a(_arm_addsubsf3.o)
                              CMakeFiles/FLY_SKY_01.elf.dir/Core/mpu/inv_mpu.c.obj (__aeabi_fsub)
c:/progra~2/gnuarm~1/102021~1.10/bin/../lib/gcc/arm-none-eabi/10.3.1/thumb/v7-m/nofp\libgcc.a(_arm_muldivsf3.o)
                              CMakeFiles/FLY_SKY_01.elf.dir/Core/mpu/inv_mpu.c.obj (__aeabi_fdiv)
c:/progra~2/gnuarm~1/102021~1.10/bin/../lib/gcc/arm-none-eabi/10.3.1/thumb/v7-m/nofp\libgcc.a(_arm_cmpsf2.o)
                              CMakeFiles/FLY_SKY_01.elf.dir/Core/mpu/inv_mpu.c.obj (__aeabi_fcmpeq)
c:/progra~2/gnuarm~1/102021~1.10/bin/../lib/gcc/arm-none-eabi/10.3.1/thumb/v7-m/nofp\libgcc.a(_arm_fixsfsi.o)
                              CMakeFiles/FLY_SKY_01.elf.dir/Core/Src/ETC.c.obj (__aeabi_f2iz)
c:/progra~2/gnuarm~1/102021~1.10/bin/../lib/gcc/arm-none-eabi/10.3.1/thumb/v7-m/nofp\libgcc.a(_arm_fixunssfsi.o)
                              CMakeFiles/FLY_SKY_01.elf.dir/Core/mpu/inv_mpu_dmp_motion_driver.c.obj (__aeabi_f2uiz)
c:/progra~2/gnuarm~1/102021~1.10/bin/../lib/gcc/arm-none-eabi/10.3.1/thumb/v7-m/nofp\libgcc.a(_aeabi_ldivmod.o)
                              CMakeFiles/FLY_SKY_01.elf.dir/Core/mpu/inv_mpu.c.obj (__aeabi_ldivmod)
c:/progra~2/gnuarm~1/102021~1.10/bin/../lib/gcc/arm-none-eabi/10.3.1/thumb/v7-m/nofp\libgcc.a(_udivmoddi4.o)
                              c:/progra~2/gnuarm~1/102021~1.10/bin/../lib/gcc/arm-none-eabi/10.3.1/thumb/v7-m/nofp\libgcc.a(_aeabi_ldivmod.o) (__udivmoddi4)
c:/progra~2/gnuarm~1/102021~1.10/bin/../lib/gcc/arm-none-eabi/10.3.1/thumb/v7-m/nofp\libgcc.a(_dvmd_tls.o)
                              c:/progra~2/gnuarm~1/102021~1.10/bin/../lib/gcc/arm-none-eabi/10.3.1/thumb/v7-m/nofp\libgcc.a(_aeabi_ldivmod.o) (__aeabi_ldiv0)
c:/progra~2/gnuarm~1/102021~1.10/bin/../lib/gcc/arm-none-eabi/10.3.1/../../../../arm-none-eabi/lib/thumb/v7-m/nofp\libg.a(lib_a-errno.o)
                              CMakeFiles/FLY_SKY_01.elf.dir/Core/Src/syscalls.c.obj (__errno)
c:/progra~2/gnuarm~1/102021~1.10/bin/../lib/gcc/arm-none-eabi/10.3.1/../../../../arm-none-eabi/lib/thumb/v7-m/nofp\libg.a(lib_a-exit.o)
                              c:/progra~2/gnuarm~1/102021~1.10/bin/../lib/gcc/arm-none-eabi/10.3.1/../../../../arm-none-eabi/lib/thumb/v7-m/nofp/crt0.o (exit)
c:/progra~2/gnuarm~1/102021~1.10/bin/../lib/gcc/arm-none-eabi/10.3.1/../../../../arm-none-eabi/lib/thumb/v7-m/nofp\libg.a(lib_a-impure.o)
                              c:/progra~2/gnuarm~1/102021~1.10/bin/../lib/gcc/arm-none-eabi/10.3.1/../../../../arm-none-eabi/lib/thumb/v7-m/nofp\libg.a(lib_a-exit.o) (_global_impure_ptr)
c:/progra~2/gnuarm~1/102021~1.10/bin/../lib/gcc/arm-none-eabi/10.3.1/../../../../arm-none-eabi/lib/thumb/v7-m/nofp\libg.a(lib_a-init.o)
                              c:/progra~2/gnuarm~1/102021~1.10/bin/../lib/gcc/arm-none-eabi/10.3.1/../../../../arm-none-eabi/lib/thumb/v7-m/nofp/crt0.o (__libc_init_array)
c:/progra~2/gnuarm~1/102021~1.10/bin/../lib/gcc/arm-none-eabi/10.3.1/../../../../arm-none-eabi/lib/thumb/v7-m/nofp\libg.a(lib_a-memcmp.o)
                              CMakeFiles/FLY_SKY_01.elf.dir/Core/mpu/inv_mpu.c.obj (memcmp)
c:/progra~2/gnuarm~1/102021~1.10/bin/../lib/gcc/arm-none-eabi/10.3.1/../../../../arm-none-eabi/lib/thumb/v7-m/nofp\libg.a(lib_a-memset.o)
                              c:/progra~2/gnuarm~1/102021~1.10/bin/../lib/gcc/arm-none-eabi/10.3.1/../../../../arm-none-eabi/lib/thumb/v7-m/nofp/crt0.o (memset)
c:/progra~2/gnuarm~1/102021~1.10/bin/../lib/gcc/arm-none-eabi/10.3.1/../../../../arm-none-eabi/lib/thumb/v7-m/nofp\libg.a(lib_a-printf.o)
                              CMakeFiles/FLY_SKY_01.elf.dir/Core/mpu/inv_mpu.c.obj (printf)
c:/progra~2/gnuarm~1/102021~1.10/bin/../lib/gcc/arm-none-eabi/10.3.1/../../../../arm-none-eabi/lib/thumb/v7-m/nofp\libg.a(lib_a-puts.o)
[...]
Memory Configuration

Name             Origin             Length             Attributes
RAM              0x20000000         0x00005000         xrw
FLASH            0x08000000         0x00010000         xr
*default*        0x00000000         0xffffffff

Linker script and memory map

LOAD c:/progra~2/gnuarm~1/102021~1.10/bin/../lib/gcc/arm-none-eabi/10.3.1/thumb/v7-m/nofp/crti.o
LOAD c:/progra~2/gnuarm~1/102021~1.10/bin/../lib/gcc/arm-none-eabi/10.3.1/thumb/v7-m/nofp/crtbegin.o
LOAD c:/progra~2/gnuarm~1/102021~1.10/bin/../lib/gcc/arm-none-eabi/10.3.1/../../../../arm-none-eabi/lib/thumb/v7-m/nofp/crt0.o
LOAD CMakeFiles/FLY_SKY_01.elf.dir/Core/NRF24/nrf24L01.c.obj
LOAD CMakeFiles/FLY_SKY_01.elf.dir/Core/Src/ETC.c.obj
LOAD CMakeFiles/FLY_SKY_01.elf.dir/Core/Src/gpio.c.obj
LOAD CMakeFiles/FLY_SKY_01.elf.dir/Core/Src/main.c.obj
LOAD CMakeFiles/FLY_SKY_01.elf.dir/Core/Src/spi.c.obj
LOAD CMakeFiles/FLY_SKY_01.elf.dir/Core/Src/stm32f1xx_hal_msp.c.obj
LOAD CMakeFiles/FLY_SKY_01.elf.dir/Core/Src/stm32f1xx_it.c.obj
LOAD CMakeFiles/FLY_SKY_01.elf.dir/Core/Src/syscalls.c.obj
LOAD CMakeFiles/FLY_SKY_01.elf.dir/Core/Src/sysmem.c.obj
LOAD CMakeFiles/FLY_SKY_01.elf.dir/Core/Src/system_stm32f1xx.c.obj
LOAD CMakeFiles/FLY_SKY_01.elf.dir/Core/Src/tim.c.obj
LOAD CMakeFiles/FLY_SKY_01.elf.dir/Core/Src/usart.c.obj
LOAD CMakeFiles/FLY_SKY_01.elf.dir/Core/Startup/startup_stm32f103c8tx.s.obj
LOAD CMakeFiles/FLY_SKY_01.elf.dir/Core/mpu/IIC.c.obj
LOAD CMakeFiles/FLY_SKY_01.elf.dir/Core/mpu/inv_mpu.c.obj
LOAD CMakeFiles/FLY_SKY_01.elf.dir/Core/mpu/inv_mpu_dmp_motion_driver.c.obj
LOAD CMakeFiles/FLY_SKY_01.elf.dir/Core/mpu/mpu6050.c.obj
LOAD CMakeFiles/FLY_SKY_01.elf.dir/Drivers/STM32F1xx_HAL_Driver/Src/stm32f1xx_hal.c.obj
LOAD CMakeFiles/FLY_SKY_01.elf.dir/Drivers/STM32F1xx_HAL_Driver/Src/stm32f1xx_hal_cortex.c.obj
LOAD CMakeFiles/FLY_SKY_01.elf.dir/Drivers/STM32F1xx_HAL_Driver/Src/stm32f1xx_hal_dma.c.obj
LOAD CMakeFiles/FLY_SKY_01.elf.dir/Drivers/STM32F1xx_HAL_Driver/Src/stm32f1xx_hal_exti.c.obj
LOAD CMakeFiles/FLY_SKY_01.elf.dir/Drivers/STM32F1xx_HAL_Driver/Src/stm32f1xx_hal_flash.c.obj
LOAD CMakeFiles/FLY_SKY_01.elf.dir/Drivers/STM32F1xx_HAL_Driver/Src/stm32f1xx_hal_flash_ex.c.obj
LOAD CMakeFiles/FLY_SKY_01.elf.dir/Drivers/STM32F1xx_HAL_Driver/Src/stm32f1xx_hal_gpio.c.obj
LOAD CMakeFiles/FLY_SKY_01.elf.dir/Drivers/STM32F1xx_HAL_Driver/Src/stm32f1xx_hal_gpio_ex.c.obj
LOAD CMakeFiles/FLY_SKY_01.elf.dir/Drivers/STM32F1xx_HAL_Driver/Src/stm32f1xx_hal_pwr.c.obj
LOAD CMakeFiles/FLY_SKY_01.elf.dir/Drivers/STM32F1xx_HAL_Driver/Src/stm32f1xx_hal_rcc.c.obj
LOAD CMakeFiles/FLY_SKY_01.elf.dir/Drivers/STM32F1xx_HAL_Driver/Src/stm32f1xx_hal_rcc_ex.c.obj
LOAD CMakeFiles/FLY_SKY_01.elf.dir/Drivers/STM32F1xx_HAL_Driver/Src/stm32f1xx_hal_spi.c.obj
LOAD CMakeFiles/FLY_SKY_01.elf.dir/Drivers/STM32F1xx_HAL_Driver/Src/stm32f1xx_hal_tim.c.obj
LOAD CMakeFiles/FLY_SKY_01.elf.dir/Drivers/STM32F1xx_HAL_Driver/Src/stm32f1xx_hal_tim_ex.c.obj
LOAD CMakeFiles/FLY_SKY_01.elf.dir/Drivers/STM32F1xx_HAL_Driver/Src/stm32f1xx_hal_uart.c.obj
START GROUP
LOAD c:/progra~2/gnuarm~1/102021~1.10/bin/../lib/gcc/arm-none-eabi/10.3.1/thumb/v7-m/nofp\libgcc.a
LOAD c:/progra~2/gnuarm~1/102021~1.10/bin/../lib/gcc/arm-none-eabi/10.3.1/../../../../arm-none-eabi/lib/thumb/v7-m/nofp\libg.a
LOAD c:/progra~2/gnuarm~1/102021~1.10/bin/../lib/gcc/arm-none-eabi/10.3.1/../../../../arm-none-eabi/lib/thumb/v7-m/nofp\libc.a
END GROUP
LOAD c:/progra~2/gnuarm~1/102021~1.10/bin/../lib/gcc/arm-none-eabi/10.3.1/thumb/v7-m/nofp/crtend.o
LOAD c:/progra~2/gnuarm~1/102021~1.10/bin/../lib/gcc/arm-none-eabi/10.3.1/thumb/v7-m/nofp/crtn.o
                0x20005000                _estack = (ORIGIN (RAM) + LENGTH (RAM))
                0x00000200                _Min_Heap_Size = 0x200
                0x00000400                _Min_Stack_Size = 0x400

.isr_vector     0x08000000      0x10c
                0x08000000                . = ALIGN (0x4)
 *(.isr_vector)
 .isr_vector    0x08000000      0x10c CMakeFiles/FLY_SKY_01.elf.dir/Core/Startup/startup_stm32f103c8tx.s.obj
                0x08000000                g_pfnVectors
                0x0800010c                . = ALIGN (0x4)

.text           0x08000110     0xb870
                0x08000110                . = ALIGN (0x4)
 *(.text)
 .text          0x08000110       0x40 c:/progra~2/gnuarm~1/102021~1.10/bin/../lib/gcc/arm-none-eabi/10.3.1/thumb/v7-m/nofp/crtbegin.o
 .text          0x08000150      0x378 c:/progra~2/gnuarm~1/102021~1.10/bin/../lib/gcc/arm-none-eabi/10.3.1/thumb/v7-m/nofp\libgcc.a(_arm_addsubdf3.o)
                0x08000150                __aeabi_drsub
                0x08000158                __aeabi_dsub
                0x08000158                __subdf3
                0x0800015c                __aeabi_dadd
                0x0800015c                __adddf3
                0x080003d4                __floatunsidf
                0x080003d4                __aeabi_ui2d
                0x080003f4                __floatsidf
                0x080003f4                __aeabi_i2d
                0x08000418                __aeabi_f2d
                0x08000418                __extendsfdf2
                0x0800045c                __floatundidf
                0x0800045c                __aeabi_ul2d
                0x0800046c                __floatdidf
                0x0800046c                __aeabi_l2d
 .text          0x080004c8      0x424 c:/progra~2/gnuarm~1/102021~1.10/bin/../lib/gcc/arm-none-eabi/10.3.1/thumb/v7-m/nofp\libgcc.a(_arm_muldivdf3.o)
                0x080004c8                __aeabi_dmul
                0x080004c8                __muldf3
                0x0800071c                __divdf3
                0x0800071c                __aeabi_ddiv
 .text          0x080008ec      0x21c c:/progra~2/gnuarm~1/102021~1.10/bin/../lib/gcc/arm-none-eabi/10.3.1/thumb/v7-m/nofp\libgcc.a(_arm_addsubsf3.o)
                0x080008ec                __aeabi_frsub
                0x080008f4                __subsf3
                0x080008f4                __aeabi_fsub
                0x080008f8                __aeabi_fadd
                0x080008f8                __addsf3
                0x08000a58                __aeabi_ui2f
                0x08000a58                __floatunsisf
                0x08000a60                __aeabi_i2f
                0x08000a60                __floatsisf
                0x08000a7c                __aeabi_ul2f
                0x08000a7c                __floatundisf
                0x08000a8c                __aeabi_l2f
                0x08000a8c                __floatdisf
 .text          0x08000b08      0x2a0 c:/progra~2/gnuarm~1/102021~1.10/bin/../lib/gcc/arm-none-eabi/10.3.1/thumb/v7-m/nofp\libgcc.a(_arm_muldivsf3.o)
                0x08000b08                __mulsf3
                0x08000b08                __aeabi_fmul
                0x08000c70                __aeabi_fdiv
                0x08000c70                __divsf3
 .text          0x08000da8       0xec c:/progra~2/gnuarm~1/102021~1.10/bin/../lib/gcc/arm-none-eabi/10.3.1/thumb/v7-m/nofp\libgcc.a(_arm_cmpsf2.o)
                0x08000da8                __gesf2
                0x08000da8                __gtsf2
                0x08000db0                __lesf2
                0x08000db0                __ltsf2
                0x08000db8                __nesf2
                0x08000db8                __eqsf2
                0x08000db8                __cmpsf2
                0x08000e18                __aeabi_cfrcmple
                0x08000e20                __aeabi_cfcmpeq
                0x08000e20                __aeabi_cfcmple
                0x08000e30                __aeabi_fcmpeq
                0x08000e44                __aeabi_fcmplt
                0x08000e58                __aeabi_fcmple
                0x08000e6c                __aeabi_fcmpge
                0x08000e80                __aeabi_fcmpgt
 .text          0x08000e94       0x4c c:/progra~2/gnuarm~1/102021~1.10/bin/../lib/gcc/arm-none-eabi/10.3.1/thumb/v7-m/nofp\libgcc.a(_arm_fixsfsi.o)
                0x08000e94                __aeabi_f2iz
                0x08000e94                __fixsfsi
 .text          0x08000ee0       0x40 c:/progra~2/gnuarm~1/102021~1.10/bin/../lib/gcc/arm-none-eabi/10.3.1/thumb/v7-m/nofp\libgcc.a(_arm_fixunssfsi.o)
                0x08000ee0                __fixunssfsi
                0x08000ee0                __aeabi_f2uiz
 .text          0x08000f20       0xa0 c:/progra~2/gnuarm~1/102021~1.10/bin/../lib/gcc/arm-none-eabi/10.3.1/thumb/v7-m/nofp\libgcc.a(_aeabi_ldivmod.o)
                0x08000f20                __aeabi_ldivmod
 .text          0x08000fc0      0x2d4 c:/progra~2/gnuarm~1/102021~1.10/bin/../lib/gcc/arm-none-eabi/10.3.1/thumb/v7-m/nofp\libgcc.a(_udivmoddi4.o)
                0x08000fc0                __udivmoddi4
 .text          0x08001294        0x4 c:/progra~2/gnuarm~1/102021~1.10/bin/../lib/gcc/arm-none-eabi/10.3.1/thumb/v7-m/nofp\libgcc.a(_dvmd_tls.o)
                0x08001294                __aeabi_idiv0
                0x08001294                __aeabi_ldiv0
 .text          0x08001298       0xec c:/progra~2/gnuarm~1/102021~1.10/bin/../lib/gcc/arm-none-eabi/10.3.1/../../../../arm-none-eabi/lib/thumb/v7-m/nofp\libg.a(lib_a-memcpy.o)
                0x08001298                memcpy
 .text          0x08001384      0x110 c:/progra~2/gnuarm~1/102021~1.10/bin/../lib/gcc/arm-none-eabi/10.3.1/thumb/v7-m/nofp\libgcc.a(_arm_cmpdf2.o)
                0x08001384                __gtdf2
                0x08001384                __gedf2
                0x0800138c                __ltdf2
                0x0800138c                __ledf2
                0x08001394                __nedf2
                0x08001394                __eqdf2
                0x08001394                __cmpdf2
                0x08001410                __aeabi_cdrcmple
                0x08001420                __aeabi_cdcmpeq
                0x08001420                __aeabi_cdcmple
                0x08001430                __aeabi_dcmpeq
                0x08001444                __aeabi_dcmplt
                0x08001458                __aeabi_dcmple
                0x0800146c                __aeabi_dcmpge
                0x08001480                __aeabi_dcmpgt
 .text          0x08001494       0x2c c:/progra~2/gnuarm~1/102021~1.10/bin/../lib/gcc/arm-none-eabi/10.3.1/thumb/v7-m/nofp\libgcc.a(_arm_unorddf2.o)
                0x08001494                __unorddf2
                0x08001494                __aeabi_dcmpun
 .text          0x080014c0       0x50 c:/progra~2/gnuarm~1/102021~1.10/bin/../lib/gcc/arm-none-eabi/10.3.1/thumb/v7-m/nofp\libgcc.a(_arm_fixdfsi.o)
                0x080014c0                __aeabi_d2iz
                0x080014c0                __fixdfsi
 .text          0x08001510       0x30 c:/progra~2/gnuarm~1/102021~1.10/bin/../lib/gcc/arm-none-eabi/10.3.1/thumb/v7-m/nofp\libgcc.a(_aeabi_uldivmod.o)
                0x08001510                __aeabi_uldivmod
 *(.text*)
 .text.SPIx_ReadWriteByte
                0x08001540       0x2c CMakeFiles/FLY_SKY_01.elf.dir/Core/NRF24/nrf24L01.c.obj
                0x08001540                SPIx_ReadWriteByte
 .text.NRF24L01_Write_Reg
                0x0800156c       0x3c CMakeFiles/FLY_SKY_01.elf.dir/Core/NRF24/nrf24L01.c.obj
                0x0800156c                NRF24L01_Write_Reg
 .text.NRF24L01_Read_Reg
                0x080015a8       0x3c CMakeFiles/FLY_SKY_01.elf.dir/Core/NRF24/nrf24L01.c.obj
                0x080015a8                NRF24L01_Read_Reg
 .text.NRF24L01_Read_Buf
                0x080015e4       0x48 CMakeFiles/FLY_SKY_01.elf.dir/Core/NRF24/nrf24L01.c.obj
                0x080015e4                NRF24L01_Read_Buf
 .text.NRF24L01_Write_Buf
                0x0800162c       0x48 CMakeFiles/FLY_SKY_01.elf.dir/Core/NRF24/nrf24L01.c.obj
                0x0800162c                NRF24L01_Write_Buf
 .text.NRF24L01_Check
                0x08001674       0x54 CMakeFiles/FLY_SKY_01.elf.dir/Core/NRF24/nrf24L01.c.obj
                0x08001674                NRF24L01_Check
 .text.NRF24L01_RxPacket
                0x080016c8       0x34 CMakeFiles/FLY_SKY_01.elf.dir/Core/NRF24/nrf24L01.c.obj
                0x080016c8                NRF24L01_RxPacket
 .text.NRF24L01_RX_Mode
                0x080016fc       0x64 CMakeFiles/FLY_SKY_01.elf.dir/Core/NRF24/nrf24L01.c.obj
                0x080016fc                NRF24L01_RX_Mode
 .text.LED      0x08001760       0xa4 CMakeFiles/FLY_SKY_01.elf.dir/Core/Src/ETC.c.obj
                0x08001760                LED
 .text.Receive  0x08001804       0x1c CMakeFiles/FLY_SKY_01.elf.dir/Core/Src/ETC.c.obj
                0x08001804                Receive
 .text.M_text   0x08001820       0x64 CMakeFiles/FLY_SKY_01.elf.dir/Core/Src/ETC.c.obj
                0x08001820                M_text
 .text.R_T_text
                0x08001884       0x18 CMakeFiles/FLY_SKY_01.elf.dir/Core/Src/ETC.c.obj
                0x08001884                R_T_text
 .text.System_start
                0x0800189c       0x48 CMakeFiles/FLY_SKY_01.elf.dir/Core/Src/ETC.c.obj
                0x0800189c                System_start
 .text.MX_GPIO_Init
                0x080018e4      0x10c CMakeFiles/FLY_SKY_01.elf.dir/Core/Src/gpio.c.obj
                0x080018e4                MX_GPIO_Init
 .text.Error_Handler
                0x080019f0        0x4 CMakeFiles/FLY_SKY_01.elf.dir/Core/Src/main.c.obj
                0x080019f0                Error_Handler
 .text.SystemClock_Config
                0x080019f4       0x64 CMakeFiles/FLY_SKY_01.elf.dir/Core/Src/main.c.obj
                0x080019f4                SystemClock_Config
 .text.main     0x08001a58       0x24 CMakeFiles/FLY_SKY_01.elf.dir/Core/Src/main.c.obj
                0x08001a58                main
 .text.MX_SPI1_Init
                0x08001a7c       0x44 CMakeFiles/FLY_SKY_01.elf.dir/Core/Src/spi.c.obj
                0x08001a7c                MX_SPI1_Init
 .text.HAL_SPI_MspInit
                0x08001ac0       0x74 CMakeFiles/FLY_SKY_01.elf.dir/Core/Src/spi.c.obj
                0x08001ac0                HAL_SPI_MspInit
 .text.HAL_MspInit
                0x08001b34       0x44 CMakeFiles/FLY_SKY_01.elf.dir/Core/Src/stm32f1xx_hal_msp.c.obj
                0x08001b34                HAL_MspInit
 .text.NMI_Handler
                0x08001b78        0x2 CMakeFiles/FLY_SKY_01.elf.dir/Core/Src/stm32f1xx_it.c.obj
                0x08001b78                NMI_Handler
 .text.HardFault_Handler
                0x08001b7a        0x2 CMakeFiles/FLY_SKY_01.elf.dir/Core/Src/stm32f1xx_it.c.obj
                0x08001b7a                HardFault_Handler
 .text.MemManage_Handler
                0x08001b7c        0x2 CMakeFiles/FLY_SKY_01.elf.dir/Core/Src/stm32f1xx_it.c.obj
                0x08001b7c                MemManage_Handler
 .text.BusFault_Handler
                0x08001b7e        0x2 CMakeFiles/FLY_SKY_01.elf.dir/Core/Src/stm32f1xx_it.c.obj
                0x08001b7e                BusFault_Handler
 .text.UsageFault_Handler
                0x08001b80        0x2 CMakeFiles/FLY_SKY_01.elf.dir/Core/Src/stm32f1xx_it.c.obj
                0x08001b80                UsageFault_Handler
 .text.SVC_Handler
                0x08001b82        0x2 CMakeFiles/FLY_SKY_01.elf.dir/Core/Src/stm32f1xx_it.c.obj
                0x08001b82                SVC_Handler
 .text.DebugMon_Handler
                0x08001b84        0x2 CMakeFiles/FLY_SKY_01.elf.dir/Core/Src/stm32f1xx_it.c.obj
                0x08001b84                DebugMon_Handler
 .text.PendSV_Handler
                0x08001b86        0x2 CMakeFiles/FLY_SKY_01.elf.dir/Core/Src/stm32f1xx_it.c.obj
                0x08001b86                PendSV_Handler
 .text.SysTick_Handler
                0x08001b88        0x8 CMakeFiles/FLY_SKY_01.elf.dir/Core/Src/stm32f1xx_it.c.obj
                0x08001b88                SysTick_Handler
 .text._getpid  0x08001b90        0x4 CMakeFiles/FLY_SKY_01.elf.dir/Core/Src/syscalls.c.obj
                0x08001b90                _getpid
 .text._kill    0x08001b94       0x10 CMakeFiles/FLY_SKY_01.elf.dir/Core/Src/syscalls.c.obj
                0x08001b94                _kill
 .text._exit    0x08001ba4        0xc CMakeFiles/FLY_SKY_01.elf.dir/Core/Src/syscalls.c.obj
                0x08001ba4                _exit
 .text._read    0x08001bb0       0x20 CMakeFiles/FLY_SKY_01.elf.dir/Core/Src/syscalls.c.obj
                0x08001bb0                _read
 .text._write   0x08001bd0       0x1c CMakeFiles/FLY_SKY_01.elf.dir/Core/Src/syscalls.c.obj
                0x08001bd0                _write
 .text._close   0x08001bec        0x6 CMakeFiles/FLY_SKY_01.elf.dir/Core/Src/syscalls.c.obj
                0x08001bec                _close
 .text._fstat   0x08001bf2        0xa CMakeFiles/FLY_SKY_01.elf.dir/Core/Src/syscalls.c.obj
                0x08001bf2                _fstat
 .text._isatty  0x08001bfc        0x4 CMakeFiles/FLY_SKY_01.elf.dir/Core/Src/syscalls.c.obj
                0x08001bfc                _isatty
 .text._lseek   0x08001c00        0x4 CMakeFiles/FLY_SKY_01.elf.dir/Core/Src/syscalls.c.obj
                0x08001c00                _lseek
 .text._sbrk    0x08001c04       0x48 CMakeFiles/FLY_SKY_01.elf.dir/Core/Src/sysmem.c.obj
                0x08001c04                _sbrk
 .text.SystemInit
                0x08001c4c        0x2 CMakeFiles/FLY_SKY_01.elf.dir/Core/Src/system_stm32f1xx.c.obj
                0x08001c4c                SystemInit
 *fill*         0x08001c4e        0x2 
 .text.HAL_TIM_PWM_MspInit
                0x08001c50       0x2c CMakeFiles/FLY_SKY_01.elf.dir/Core/Src/tim.c.obj
                0x08001c50                HAL_TIM_PWM_MspInit
 .text.HAL_TIM_MspPostInit
                0x08001c7c       0x50 CMakeFiles/FLY_SKY_01.elf.dir/Core/Src/tim.c.obj
                0x08001c7c                HAL_TIM_MspPostInit
 .text.MX_TIM1_Init
                0x08001ccc       0xf0 CMakeFiles/FLY_SKY_01.elf.dir/Core/Src/tim.c.obj
                0x08001ccc                MX_TIM1_Init
 .text.MX_USART1_UART_Init
                0x08001dbc       0x34 CMakeFiles/FLY_SKY_01.elf.dir/Core/Src/usart.c.obj
                0x08001dbc                MX_USART1_UART_Init
 .text.HAL_UART_MspInit
                0x08001df0       0x88 CMakeFiles/FLY_SKY_01.elf.dir/Core/Src/usart.c.obj
                0x08001df0                HAL_UART_MspInit
 .text.Reset_Handler
                0x08001e78       0x48 CMakeFiles/FLY_SKY_01.elf.dir/Core/Startup/startup_stm32f103c8tx.s.obj
                0x08001e78                Reset_Handler
 .text.Default_Handler
                0x08001ec0        0x2 CMakeFiles/FLY_SKY_01.elf.dir/Core/Startup/startup_stm32f103c8tx.s.obj
                0x08001ec0                RTC_Alarm_IRQHandler
                0x08001ec0                EXTI2_IRQHandler
                0x08001ec0                TIM1_CC_IRQHandler
                0x08001ec0                PVD_IRQHandler
                0x08001ec0                EXTI3_IRQHandler
                0x08001ec0                EXTI0_IRQHandler
                0x08001ec0                I2C2_EV_IRQHandler
                0x08001ec0                ADC1_2_IRQHandler
                0x08001ec0                SPI1_IRQHandler
                0x08001ec0                TAMPER_IRQHandler
                0x08001ec0                DMA1_Channel4_IRQHandler
                0x08001ec0                USART3_IRQHandler
                0x08001ec0                RTC_IRQHandler
                0x08001ec0                DMA1_Channel7_IRQHandler
                0x08001ec0                CAN1_RX1_IRQHandler
                0x08001ec0                TIM4_IRQHandler
                0x08001ec0                I2C1_EV_IRQHandler
                0x08001ec0                DMA1_Channel6_IRQHandler
                0x08001ec0                TIM3_IRQHandler
                0x08001ec0                RCC_IRQHandler
                0x08001ec0                TIM1_TRG_COM_IRQHandler
                0x08001ec0                DMA1_Channel1_IRQHandler
                0x08001ec0                Default_Handler
                0x08001ec0                EXTI15_10_IRQHandler
                0x08001ec0                EXTI9_5_IRQHandler
                0x08001ec0                SPI2_IRQHandler
                0x08001ec0                DMA1_Channel5_IRQHandler
                0x08001ec0                EXTI4_IRQHandler
                0x08001ec0                USB_LP_CAN1_RX0_IRQHandler
                0x08001ec0                USB_HP_CAN1_TX_IRQHandler
                0x08001ec0                DMA1_Channel3_IRQHandler
                0x08001ec0                TIM1_UP_IRQHandler
                0x08001ec0                WWDG_IRQHandler
                0x08001ec0                TIM2_IRQHandler
                0x08001ec0                TIM1_BRK_IRQHandler
                0x08001ec0                EXTI1_IRQHandler
                0x08001ec0                USART2_IRQHandler
                0x08001ec0                I2C2_ER_IRQHandler
                0x08001ec0                DMA1_Channel2_IRQHandler
                0x08001ec0                CAN1_SCE_IRQHandler
                0x08001ec0                FLASH_IRQHandler
                0x08001ec0                USART1_IRQHandler
                0x08001ec0                I2C1_ER_IRQHandler
                0x08001ec0                USBWakeUp_IRQHandler
 *fill*         0x08001ec2        0x2 
 .text.IIC_Start
                0x08001ec4       0x3c CMakeFiles/FLY_SKY_01.elf.dir/Core/mpu/IIC.c.obj
                0x08001ec4                IIC_Start
 .text.IIC_Stop
                0x08001f00       0x30 CMakeFiles/FLY_SKY_01.elf.dir/Core/mpu/IIC.c.obj
                0x08001f00                IIC_Stop
 .text.IIC_Send_Byte
                0x08001f30       0x68 CMakeFiles/FLY_SKY_01.elf.dir/Core/mpu/IIC.c.obj
                0x08001f30                IIC_Send_Byte
 .text.IIC_Wait_Ack
                0x08001f98       0x40 CMakeFiles/FLY_SKY_01.elf.dir/Core/mpu/IIC.c.obj
                0x08001f98                IIC_Wait_Ack
 .text.IIC_Ack  0x08001fd8       0x3c CMakeFiles/FLY_SKY_01.elf.dir/Core/mpu/IIC.c.obj
                0x08001fd8                IIC_Ack
 .text.IIC_NAck
                0x08002014       0x30 CMakeFiles/FLY_SKY_01.elf.dir/Core/mpu/IIC.c.obj
                0x08002014                IIC_NAck
 .text.IIC_Read_Byte
                0x08002044       0x58 CMakeFiles/FLY_SKY_01.elf.dir/Core/mpu/IIC.c.obj
                0x08002044                IIC_Read_Byte
 .text.IIC_GPIO_Init
                0x0800209c       0x28 CMakeFiles/FLY_SKY_01.elf.dir/Core/mpu/IIC.c.obj
                0x0800209c                IIC_GPIO_Init
 .text.get_accel_prod_shift
                0x080020c4       0xc4 CMakeFiles/FLY_SKY_01.elf.dir/Core/mpu/inv_mpu.c.obj
 .text.accel_self_test
                0x08002188       0xa8 CMakeFiles/FLY_SKY_01.elf.dir/Core/mpu/inv_mpu.c.obj
 .text.gyro_self_test
                0x08002230      0x100 CMakeFiles/FLY_SKY_01.elf.dir/Core/mpu/inv_mpu.c.obj
 .text.set_int_enable
                0x08002330       0x98 CMakeFiles/FLY_SKY_01.elf.dir/Core/mpu/inv_mpu.c.obj
 .text.get_st_biases
                0x080023c8      0x428 CMakeFiles/FLY_SKY_01.elf.dir/Core/mpu/inv_mpu.c.obj
 .text.mpu_reset_fifo
                0x080027f0      0x1f8 CMakeFiles/FLY_SKY_01.elf.dir/Core/mpu/inv_mpu.c.obj
                0x080027f0                mpu_reset_fifo
 .text.mpu_get_gyro_fsr
                0x080029e8       0x3c CMakeFiles/FLY_SKY_01.elf.dir/Core/mpu/inv_mpu.c.obj
                0x080029e8                mpu_get_gyro_fsr
 .text.mpu_set_gyro_fsr
                0x08002a24       0x98 CMakeFiles/FLY_SKY_01.elf.dir/Core/mpu/inv_mpu.c.obj
                0x08002a24                mpu_set_gyro_fsr
 .text.mpu_get_accel_fsr
                0x08002abc       0x44 CMakeFiles/FLY_SKY_01.elf.dir/Core/mpu/inv_mpu.c.obj
                0x08002abc                mpu_get_accel_fsr
 .text.mpu_set_accel_fsr
                0x08002b00       0x94 CMakeFiles/FLY_SKY_01.elf.dir/Core/mpu/inv_mpu.c.obj
                0x08002b00                mpu_set_accel_fsr
 .text.mpu_get_lpf
                0x08002b94       0x44 CMakeFiles/FLY_SKY_01.elf.dir/Core/mpu/inv_mpu.c.obj
                0x08002b94                mpu_get_lpf
 .text.mpu_set_lpf
                0x08002bd8       0x94 CMakeFiles/FLY_SKY_01.elf.dir/Core/mpu/inv_mpu.c.obj
                0x08002bd8                mpu_set_lpf
 .text.mpu_get_sample_rate
                0x08002c6c       0x1c CMakeFiles/FLY_SKY_01.elf.dir/Core/mpu/inv_mpu.c.obj
                0x08002c6c                mpu_get_sample_rate
 .text.mpu_get_gyro_sens
                0x08002c88       0x4c CMakeFiles/FLY_SKY_01.elf.dir/Core/mpu/inv_mpu.c.obj
                0x08002c88                mpu_get_gyro_sens
 .text.mpu_get_accel_sens
                0x08002cd4       0x4c CMakeFiles/FLY_SKY_01.elf.dir/Core/mpu/inv_mpu.c.obj
                0x08002cd4                mpu_get_accel_sens
 .text.mpu_get_fifo_config
                0x08002d20       0x10 CMakeFiles/FLY_SKY_01.elf.dir/Core/mpu/inv_mpu.c.obj
                0x08002d20                mpu_get_fifo_config
 .text.mpu_configure_fifo
                0x08002d30       0x64 CMakeFiles/FLY_SKY_01.elf.dir/Core/mpu/inv_mpu.c.obj
                0x08002d30                mpu_configure_fifo
 .text.mpu_set_bypass
                0x08002d94      0x168 CMakeFiles/FLY_SKY_01.elf.dir/Core/mpu/inv_mpu.c.obj
                0x08002d94                mpu_set_bypass
 .text.mpu_set_int_latched
                0x08002efc       0x74 CMakeFiles/FLY_SKY_01.elf.dir/Core/mpu/inv_mpu.c.obj
                0x08002efc                mpu_set_int_latched
 .text.mpu_lp_accel_mode
                0x08002f70       0xdc CMakeFiles/FLY_SKY_01.elf.dir/Core/mpu/inv_mpu.c.obj
                0x08002f70                mpu_lp_accel_mode
 .text.mpu_set_sample_rate
                0x0800304c       0xa0 CMakeFiles/FLY_SKY_01.elf.dir/Core/mpu/inv_mpu.c.obj
                0x0800304c                mpu_set_sample_rate
 .text.mpu_set_sensors
                0x080030ec       0xe4 CMakeFiles/FLY_SKY_01.elf.dir/Core/mpu/inv_mpu.c.obj
                0x080030ec                mpu_set_sensors
 .text.mpu_init
                0x080031d0      0x1b8 CMakeFiles/FLY_SKY_01.elf.dir/Core/mpu/inv_mpu.c.obj
                0x080031d0                mpu_init
 .text.mpu_write_mem
                0x08003388       0x74 CMakeFiles/FLY_SKY_01.elf.dir/Core/mpu/inv_mpu.c.obj
                0x08003388                mpu_write_mem
 .text.mpu_read_mem
                0x080033fc       0x74 CMakeFiles/FLY_SKY_01.elf.dir/Core/mpu/inv_mpu.c.obj
                0x080033fc                mpu_read_mem
 .text.mpu_load_firmware
                0x08003470       0xb4 CMakeFiles/FLY_SKY_01.elf.dir/Core/mpu/inv_mpu.c.obj
                0x08003470                mpu_load_firmware
 .text.mpu_set_dmp_state
                0x08003524       0x94 CMakeFiles/FLY_SKY_01.elf.dir/Core/mpu/inv_mpu.c.obj
                0x08003524                mpu_set_dmp_state
 .text.mpu_run_self_test
                0x080035b8      0x104 CMakeFiles/FLY_SKY_01.elf.dir/Core/mpu/inv_mpu.c.obj
                0x080035b8                mpu_run_self_test
 .text.run_self_test
                0x080036bc       0x88 CMakeFiles/FLY_SKY_01.elf.dir/Core/mpu/inv_mpu.c.obj
                0x080036bc                run_self_test
 .text.inv_row_2_scale
                0x08003744       0x3a CMakeFiles/FLY_SKY_01.elf.dir/Core/mpu/inv_mpu.c.obj
                0x08003744                inv_row_2_scale
 .text.inv_orientation_matrix_to_scalar
                0x0800377e       0x24 CMakeFiles/FLY_SKY_01.elf.dir/Core/mpu/inv_mpu.c.obj
                0x0800377e                inv_orientation_matrix_to_scalar
 *fill*         0x080037a2        0x2 
 .text.mpu_dmp_init
                0x080037a4       0xa4 CMakeFiles/FLY_SKY_01.elf.dir/Core/mpu/inv_mpu.c.obj
                0x080037a4                mpu_dmp_init
 .text.dmp_load_motion_driver_firmware
                0x08003848       0x18 CMakeFiles/FLY_SKY_01.elf.dir/Core/mpu/inv_mpu_dmp_motion_driver.c.obj
                0x08003848                dmp_load_motion_driver_firmware
 .text.dmp_set_orientation
                0x08003860      0x14c CMakeFiles/FLY_SKY_01.elf.dir/Core/mpu/inv_mpu_dmp_motion_driver.c.obj
                0x08003860                dmp_set_orientation
 .text.dmp_set_gyro_bias
                0x080039ac      0x110 CMakeFiles/FLY_SKY_01.elf.dir/Core/mpu/inv_mpu_dmp_motion_driver.c.obj
                0x080039ac                dmp_set_gyro_bias
 .text.dmp_set_accel_bias
                0x08003abc       0xf4 CMakeFiles/FLY_SKY_01.elf.dir/Core/mpu/inv_mpu_dmp_motion_driver.c.obj
                0x08003abc                dmp_set_accel_bias
 .text.dmp_set_fifo_rate
                0x08003bb0       0x68 CMakeFiles/FLY_SKY_01.elf.dir/Core/mpu/inv_mpu_dmp_motion_driver.c.obj
                0x08003bb0                dmp_set_fifo_rate
 .text.dmp_set_tap_thresh
                0x08003c18      0x1a0 CMakeFiles/FLY_SKY_01.elf.dir/Core/mpu/inv_mpu_dmp_motion_driver.c.obj
                0x08003c18                dmp_set_tap_thresh
 .text.dmp_set_tap_axes
                0x08003db8       0x4e CMakeFiles/FLY_SKY_01.elf.dir/Core/mpu/inv_mpu_dmp_motion_driver.c.obj
                0x08003db8                dmp_set_tap_axes
 .text.dmp_set_tap_count
                0x08003e06       0x2c CMakeFiles/FLY_SKY_01.elf.dir/Core/mpu/inv_mpu_dmp_motion_driver.c.obj
                0x08003e06                dmp_set_tap_count
 *fill*         0x08003e32        0x2 
 .text.dmp_set_tap_time
                0x08003e34       0x30 CMakeFiles/FLY_SKY_01.elf.dir/Core/mpu/inv_mpu_dmp_motion_driver.c.obj
                0x08003e34                dmp_set_tap_time
 .text.dmp_set_tap_time_multi
                0x08003e64       0x30 CMakeFiles/FLY_SKY_01.elf.dir/Core/mpu/inv_mpu_dmp_motion_driver.c.obj
                0x08003e64                dmp_set_tap_time_multi
 .text.dmp_set_shake_reject_thresh
                0x08003e94       0x44 CMakeFiles/FLY_SKY_01.elf.dir/Core/mpu/inv_mpu_dmp_motion_driver.c.obj
                0x08003e94                dmp_set_shake_reject_thresh
 .text.dmp_set_shake_reject_time
                0x08003ed8       0x2c CMakeFiles/FLY_SKY_01.elf.dir/Core/mpu/inv_mpu_dmp_motion_driver.c.obj
                0x08003ed8                dmp_set_shake_reject_time
 .text.dmp_set_shake_reject_timeout
                0x08003f04       0x2c CMakeFiles/FLY_SKY_01.elf.dir/Core/mpu/inv_mpu_dmp_motion_driver.c.obj
                0x08003f04                dmp_set_shake_reject_timeout
 .text.dmp_enable_gyro_cal
                0x08003f30       0x44 CMakeFiles/FLY_SKY_01.elf.dir/Core/mpu/inv_mpu_dmp_motion_driver.c.obj
                0x08003f30                dmp_enable_gyro_cal
 .text.dmp_enable_lp_quat
                0x08003f74       0x3c CMakeFiles/FLY_SKY_01.elf.dir/Core/mpu/inv_mpu_dmp_motion_driver.c.obj
                0x08003f74                dmp_enable_lp_quat
 .text.dmp_enable_6x_lp_quat
                0x08003fb0       0x3c CMakeFiles/FLY_SKY_01.elf.dir/Core/mpu/inv_mpu_dmp_motion_driver.c.obj
                0x08003fb0                dmp_enable_6x_lp_quat
 .text.dmp_enable_feature
                0x08003fec      0x218 CMakeFiles/FLY_SKY_01.elf.dir/Core/mpu/inv_mpu_dmp_motion_driver.c.obj
                0x08003fec                dmp_enable_feature
 .text.MPU_Write_Len
                0x08004204       0x62 CMakeFiles/FLY_SKY_01.elf.dir/Core/mpu/mpu6050.c.obj
                0x08004204                MPU_Write_Len
 .text.MPU_Read_Len
                0x08004266       0x6c CMakeFiles/FLY_SKY_01.elf.dir/Core/mpu/mpu6050.c.obj
                0x08004266                MPU_Read_Len
 .text.MPU_Write_Byte
                0x080042d2       0x46 CMakeFiles/FLY_SKY_01.elf.dir/Core/mpu/mpu6050.c.obj
                0x080042d2                MPU_Write_Byte
 .text.MPU_Set_Gyro_Fsr
                0x08004318       0x10 CMakeFiles/FLY_SKY_01.elf.dir/Core/mpu/mpu6050.c.obj
                0x08004318                MPU_Set_Gyro_Fsr
 .text.MPU_Set_Accel_Fsr
                0x08004328       0x10 CMakeFiles/FLY_SKY_01.elf.dir/Core/mpu/mpu6050.c.obj
                0x08004328                MPU_Set_Accel_Fsr
 .text.MPU_Set_LPF
                0x08004338       0x34 CMakeFiles/FLY_SKY_01.elf.dir/Core/mpu/mpu6050.c.obj
                0x08004338                MPU_Set_LPF
 .text.MPU_Set_Rate
                0x0800436c       0x32 CMakeFiles/FLY_SKY_01.elf.dir/Core/mpu/mpu6050.c.obj
                0x0800436c                MPU_Set_Rate
 .text.MPU_Read_Byte
                0x0800439e       0x3a CMakeFiles/FLY_SKY_01.elf.dir/Core/mpu/mpu6050.c.obj
                0x0800439e                MPU_Read_Byte
 .text.MPU_Init
                0x080043d8       0x76 CMakeFiles/FLY_SKY_01.elf.dir/Core/mpu/mpu6050.c.obj
                0x080043d8                MPU_Init
 *fill*         0x0800444e        0x2 
 .text.HAL_InitTick
                0x08004450       0x4c CMakeFiles/FLY_SKY_01.elf.dir/Drivers/STM32F1xx_HAL_Driver/Src/stm32f1xx_hal.c.obj
                0x08004450                HAL_InitTick
 .text.HAL_Init
                0x0800449c       0x24 CMakeFiles/FLY_SKY_01.elf.dir/Drivers/STM32F1xx_HAL_Driver/Src/stm32f1xx_hal.c.obj
                0x0800449c                HAL_Init
 .text.HAL_IncTick
                0x080044c0       0x18 CMakeFiles/FLY_SKY_01.elf.dir/Drivers/STM32F1xx_HAL_Driver/Src/stm32f1xx_hal.c.obj
                0x080044c0                HAL_IncTick
 .text.HAL_GetTick
                0x080044d8        0xc CMakeFiles/FLY_SKY_01.elf.dir/Drivers/STM32F1xx_HAL_Driver/Src/stm32f1xx_hal.c.obj
                0x080044d8                HAL_GetTick
 .text.HAL_Delay
                0x080044e4       0x28 CMakeFiles/FLY_SKY_01.elf.dir/Drivers/STM32F1xx_HAL_Driver/Src/stm32f1xx_hal.c.obj
                0x080044e4                HAL_Delay
 .text.HAL_NVIC_SetPriorityGrouping
                0x0800450c       0x24 CMakeFiles/FLY_SKY_01.elf.dir/Drivers/STM32F1xx_HAL_Driver/Src/stm32f1xx_hal_cortex.c.obj
                0x0800450c                HAL_NVIC_SetPriorityGrouping
 .text.HAL_NVIC_SetPriority
                0x08004530       0x70 CMakeFiles/FLY_SKY_01.elf.dir/Drivers/STM32F1xx_HAL_Driver/Src/stm32f1xx_hal_cortex.c.obj
                0x08004530                HAL_NVIC_SetPriority
 .text.HAL_SYSTICK_Config
                0x080045a0       0x28 CMakeFiles/FLY_SKY_01.elf.dir/Drivers/STM32F1xx_HAL_Driver/Src/stm32f1xx_hal_cortex.c.obj
                0x080045a0                HAL_SYSTICK_Config
 .text.HAL_GPIO_Init
                0x080045c8      0x224 CMakeFiles/FLY_SKY_01.elf.dir/Drivers/STM32F1xx_HAL_Driver/Src/stm32f1xx_hal_gpio.c.obj
                0x080045c8                HAL_GPIO_Init
 .text.HAL_GPIO_ReadPin
                0x080047ec        0xe CMakeFiles/FLY_SKY_01.elf.dir/Drivers/STM32F1xx_HAL_Driver/Src/stm32f1xx_hal_gpio.c.obj
                0x080047ec                HAL_GPIO_ReadPin
 .text.HAL_GPIO_WritePin
                0x080047fa        0xc CMakeFiles/FLY_SKY_01.elf.dir/Drivers/STM32F1xx_HAL_Driver/Src/stm32f1xx_hal_gpio.c.obj
                0x080047fa                HAL_GPIO_WritePin
 *fill*         0x08004806        0x2 
 .text.RCC_Delay
                0x08004808       0x2c CMakeFiles/FLY_SKY_01.elf.dir/Drivers/STM32F1xx_HAL_Driver/Src/stm32f1xx_hal_rcc.c.obj
 .text.HAL_RCC_OscConfig
                0x08004834      0x410 CMakeFiles/FLY_SKY_01.elf.dir/Drivers/STM32F1xx_HAL_Driver/Src/stm32f1xx_hal_rcc.c.obj
                0x08004834                HAL_RCC_OscConfig
 .text.HAL_RCC_GetSysClockFreq
                0x08004c44       0x70 CMakeFiles/FLY_SKY_01.elf.dir/Drivers/STM32F1xx_HAL_Driver/Src/stm32f1xx_hal_rcc.c.obj
                0x08004c44                HAL_RCC_GetSysClockFreq
 .text.HAL_RCC_ClockConfig
                0x08004cb4      0x16c CMakeFiles/FLY_SKY_01.elf.dir/Drivers/STM32F1xx_HAL_Driver/Src/stm32f1xx_hal_rcc.c.obj
                0x08004cb4                HAL_RCC_ClockConfig
 .text.HAL_RCC_GetHCLKFreq
                0x08004e20        0xc CMakeFiles/FLY_SKY_01.elf.dir/Drivers/STM32F1xx_HAL_Driver/Src/stm32f1xx_hal_rcc.c.obj
                0x08004e20                HAL_RCC_GetHCLKFreq
 .text.HAL_RCC_GetPCLK1Freq
                0x08004e2c       0x20 CMakeFiles/FLY_SKY_01.elf.dir/Drivers/STM32F1xx_HAL_Driver/Src/stm32f1xx_hal_rcc.c.obj
                0x08004e2c                HAL_RCC_GetPCLK1Freq
 .text.HAL_RCC_GetPCLK2Freq
                0x08004e4c       0x20 CMakeFiles/FLY_SKY_01.elf.dir/Drivers/STM32F1xx_HAL_Driver/Src/stm32f1xx_hal_rcc.c.obj
                0x08004e4c                HAL_RCC_GetPCLK2Freq
 .text.SPI_WaitFlagStateUntilTimeout
                0x08004e6c       0xd4 CMakeFiles/FLY_SKY_01.elf.dir/Drivers/STM32F1xx_HAL_Driver/Src/stm32f1xx_hal_spi.c.obj
 .text.SPI_EndRxTxTransaction
                0x08004f40       0x24 CMakeFiles/FLY_SKY_01.elf.dir/Drivers/STM32F1xx_HAL_Driver/Src/stm32f1xx_hal_spi.c.obj
 .text.HAL_SPI_Init
                0x08004f64       0xb6 CMakeFiles/FLY_SKY_01.elf.dir/Drivers/STM32F1xx_HAL_Driver/Src/stm32f1xx_hal_spi.c.obj
                0x08004f64                HAL_SPI_Init
 .text.HAL_SPI_TransmitReceive
                0x0800501a      0x238 CMakeFiles/FLY_SKY_01.elf.dir/Drivers/STM32F1xx_HAL_Driver/Src/stm32f1xx_hal_spi.c.obj
                0x0800501a                HAL_SPI_TransmitReceive
 *fill*         0x08005252        0x2 
 .text.TIM_OC1_SetConfig
                0x08005254       0x5c CMakeFiles/FLY_SKY_01.elf.dir/Drivers/STM32F1xx_HAL_Driver/Src/stm32f1xx_hal_tim.c.obj
 .text.TIM_OC3_SetConfig
                0x080052b0       0x64 CMakeFiles/FLY_SKY_01.elf.dir/Drivers/STM32F1xx_HAL_Driver/Src/stm32f1xx_hal_tim.c.obj
 .text.TIM_OC4_SetConfig
                0x08005314       0x48 CMakeFiles/FLY_SKY_01.elf.dir/Drivers/STM32F1xx_HAL_Driver/Src/stm32f1xx_hal_tim.c.obj
 .text.TIM_Base_SetConfig
                0x0800535c       0x74 CMakeFiles/FLY_SKY_01.elf.dir/Drivers/STM32F1xx_HAL_Driver/Src/stm32f1xx_hal_tim.c.obj
                0x0800535c                TIM_Base_SetConfig
 .text.HAL_TIM_PWM_Init
                0x080053d0       0x58 CMakeFiles/FLY_SKY_01.elf.dir/Drivers/STM32F1xx_HAL_Driver/Src/stm32f1xx_hal_tim.c.obj
                0x080053d0                HAL_TIM_PWM_Init
 .text.TIM_OC2_SetConfig
                0x08005428       0x64 CMakeFiles/FLY_SKY_01.elf.dir/Drivers/STM32F1xx_HAL_Driver/Src/stm32f1xx_hal_tim.c.obj
                0x08005428                TIM_OC2_SetConfig
 .text.HAL_TIM_PWM_ConfigChannel
                0x0800548c       0xd0 CMakeFiles/FLY_SKY_01.elf.dir/Drivers/STM32F1xx_HAL_Driver/Src/stm32f1xx_hal_tim.c.obj
                0x0800548c                HAL_TIM_PWM_ConfigChannel
 .text.TIM_CCxChannelCmd
                0x0800555c       0x1e CMakeFiles/FLY_SKY_01.elf.dir/Drivers/STM32F1xx_HAL_Driver/Src/stm32f1xx_hal_tim.c.obj
                0x0800555c                TIM_CCxChannelCmd
 *fill*         0x0800557a        0x2 
 .text.HAL_TIM_PWM_Start
                0x0800557c       0xdc CMakeFiles/FLY_SKY_01.elf.dir/Drivers/STM32F1xx_HAL_Driver/Src/stm32f1xx_hal_tim.c.obj
                0x0800557c                HAL_TIM_PWM_Start
 .text.HAL_TIMEx_MasterConfigSynchronization
                0x08005658       0x6c CMakeFiles/FLY_SKY_01.elf.dir/Drivers/STM32F1xx_HAL_Driver/Src/stm32f1xx_hal_tim_ex.c.obj
                0x08005658                HAL_TIMEx_MasterConfigSynchronization
 .text.HAL_TIMEx_ConfigBreakDeadTime
                0x080056c4       0x52 CMakeFiles/FLY_SKY_01.elf.dir/Drivers/STM32F1xx_HAL_Driver/Src/stm32f1xx_hal_tim_ex.c.obj
                0x080056c4                HAL_TIMEx_ConfigBreakDeadTime
 *fill*         0x08005716        0x2 
 .text.UART_SetConfig
                0x08005718       0x94 CMakeFiles/FLY_SKY_01.elf.dir/Drivers/STM32F1xx_HAL_Driver/Src/stm32f1xx_hal_uart.c.obj
 .text.HAL_UART_Init
                0x080057ac       0x5e CMakeFiles/FLY_SKY_01.elf.dir/Drivers/STM32F1xx_HAL_Driver/Src/stm32f1xx_hal_uart.c.obj
                0x080057ac                HAL_UART_Init
 *fill*         0x0800580a        0x2 
 .text.__errno  0x0800580c        0xc c:/progra~2/gnuarm~1/102021~1.10/bin/../lib/gcc/arm-none-eabi/10.3.1/../../../../arm-none-eabi/lib/thumb/v7-m/nofp\libg.a(lib_a-errno.o)
                0x0800580c                __errno
 .text.__libc_init_array
                0x08005818       0x48 c:/progra~2/gnuarm~1/102021~1.10/bin/../lib/gcc/arm-none-eabi/10.3.1/../../../../arm-none-eabi/lib/thumb/v7-m/nofp\libg.a(lib_a-init.o)
                0x08005818                __libc_init_array
 .text.memcmp   0x08005860       0x68 c:/progra~2/gnuarm~1/102021~1.10/bin/../lib/gcc/arm-none-eabi/10.3.1/../../../../arm-none-eabi/lib/thumb/v7-m/nofp\libg.a(lib_a-memcmp.o)
                0x08005860                memcmp
 .text.memset   0x080058c8       0xa4 c:/progra~2/gnuarm~1/102021~1.10/bin/../lib/gcc/arm-none-eabi/10.3.1/../../../../arm-none-eabi/lib/thumb/v7-m/nofp\libg.a(lib_a-memset.o)
                0x080058c8                memset
 .text.printf   0x0800596c       0x28 c:/progra~2/gnuarm~1/102021~1.10/bin/../lib/gcc/arm-none-eabi/10.3.1/../../../../arm-none-eabi/lib/thumb/v7-m/nofp\libg.a(lib_a-printf.o)
                0x0800596c                printf
 .text._puts_r  0x08005994       0x9c c:/progra~2/gnuarm~1/102021~1.10/bin/../lib/gcc/arm-none-eabi/10.3.1/../../../../arm-none-eabi/lib/thumb/v7-m/nofp\libg.a(lib_a-puts.o)
                0x08005994                _puts_r
 .text.puts     0x08005a30       0x10 c:/progra~2/gnuarm~1/102021~1.10/bin/../lib/gcc/arm-none-eabi/10.3.1/../../../../arm-none-eabi/lib/thumb/v7-m/nofp\libg.a(lib_a-puts.o)
                0x08005a30                puts
 .text.strlen   0x08005a40       0x5c c:/progra~2/gnuarm~1/102021~1.10/bin/../lib/gcc/arm-none-eabi/10.3.1/../../../../arm-none-eabi/lib/thumb/v7-m/nofp\libg.a(lib_a-strlen-stub.o)
                0x08005a40                strlen
 .text._vfprintf_r
                0x08005a9c     0x1b58 c:/progra~2/gnuarm~1/102021~1.10/bin/../lib/gcc/arm-none-eabi/10.3.1/../../../../arm-none-eabi/lib/thumb/v7-m/nofp\libg.a(lib_a-vfprintf.o)
                0x08005a9c                _vfprintf_r
 .text.__sbprintf
                0x080075f4       0x84 c:/progra~2/gnuarm~1/102021~1.10/bin/../lib/gcc/arm-none-eabi/10.3.1/../../../../arm-none-eabi/lib/thumb/v7-m/nofp\libg.a(lib_a-vfprintf.o)
 .text.__swsetup_r
                0x08007678       0xd4 c:/progra~2/gnuarm~1/102021~1.10/bin/../lib/gcc/arm-none-eabi/10.3.1/../../../../arm-none-eabi/lib/thumb/v7-m/nofp\libg.a(lib_a-wsetup.o)
                0x08007678                __swsetup_r
 .text.startup.register_fini
                0x0800774c       0x14 c:/progra~2/gnuarm~1/102021~1.10/bin/../lib/gcc/arm-none-eabi/10.3.1/../../../../arm-none-eabi/lib/thumb/v7-m/nofp\libg.a(lib_a-__call_atexit.o)
 .text.atexit   0x08007760        0xc c:/progra~2/gnuarm~1/102021~1.10/bin/../lib/gcc/arm-none-eabi/10.3.1/../../../../arm-none-eabi/lib/thumb/v7-m/nofp\libg.a(lib_a-atexit.o)
                0x08007760                atexit
 .text.quorem   0x0800776c      0x12c c:/progra~2/gnuarm~1/102021~1.10/bin/../lib/gcc/arm-none-eabi/10.3.1/../../../../arm-none-eabi/lib/thumb/v7-m/nofp\libg.a(lib_a-dtoa.o)
 .text._dtoa_r  0x08007898      0xecc c:/progra~2/gnuarm~1/102021~1.10/bin/../lib/gcc/arm-none-eabi/10.3.1/../../../../arm-none-eabi/lib/thumb/v7-m/nofp\libg.a(lib_a-dtoa.o)
                0x08007898                _dtoa_r
 .text.__sflush_r
                0x08008764      0x124 c:/progra~2/gnuarm~1/102021~1.10/bin/../lib/gcc/arm-none-eabi/10.3.1/../../../../arm-none-eabi/lib/thumb/v7-m/nofp\libg.a(lib_a-fflush.o)
                0x08008764                __sflush_r
 .text._fflush_r
                0x08008888       0x5c c:/progra~2/gnuarm~1/102021~1.10/bin/../lib/gcc/arm-none-eabi/10.3.1/../../../../arm-none-eabi/lib/thumb/v7-m/nofp\libg.a(lib_a-fflush.o)
                0x08008888                _fflush_r
 .text._cleanup_r
                0x080088e4        0xc c:/progra~2/gnuarm~1/102021~1.10/bin/../lib/gcc/arm-none-eabi/10.3.1/../../../../arm-none-eabi/lib/thumb/v7-m/nofp\libg.a(lib_a-findfp.o)
                0x080088e4                _cleanup_r
 .text.__sinit  0x080088f0      0x10c c:/progra~2/gnuarm~1/102021~1.10/bin/../lib/gcc/arm-none-eabi/10.3.1/../../../../arm-none-eabi/lib/thumb/v7-m/nofp\libg.a(lib_a-findfp.o)
                0x080088f0                __sinit
 .text.__sfp_lock_acquire
                0x080089fc        0xc c:/progra~2/gnuarm~1/102021~1.10/bin/../lib/gcc/arm-none-eabi/10.3.1/../../../../arm-none-eabi/lib/thumb/v7-m/nofp\libg.a(lib_a-findfp.o)
                0x080089fc                __sfp_lock_acquire
 .text.__sfp_lock_release
                0x08008a08        0xc c:/progra~2/gnuarm~1/102021~1.10/bin/../lib/gcc/arm-none-eabi/10.3.1/../../../../arm-none-eabi/lib/thumb/v7-m/nofp\libg.a(lib_a-findfp.o)
                0x08008a08                __sfp_lock_release
 .text.__libc_fini_array
                0x08008a14       0x2c c:/progra~2/gnuarm~1/102021~1.10/bin/../lib/gcc/arm-none-eabi/10.3.1/../../../../arm-none-eabi/lib/thumb/v7-m/nofp\libg.a(lib_a-fini.o)
                0x08008a14                __libc_fini_array
 .text._malloc_trim_r
                0x08008a40       0xa0 c:/progra~2/gnuarm~1/102021~1.10/bin/../lib/gcc/arm-none-eabi/10.3.1/../../../../arm-none-eabi/lib/thumb/v7-m/nofp\libg.a(lib_a-freer.o)
                0x08008a40                _malloc_trim_r
 .text._free_r  0x08008ae0      0x200 c:/progra~2/gnuarm~1/102021~1.10/bin/../lib/gcc/arm-none-eabi/10.3.1/../../../../arm-none-eabi/lib/thumb/v7-m/nofp\libg.a(lib_a-freer.o)
                0x08008ae0                _free_r
 .text.__sfvwrite_r
                0x08008ce0      0x2f0 c:/progra~2/gnuarm~1/102021~1.10/bin/../lib/gcc/arm-none-eabi/10.3.1/../../../../arm-none-eabi/lib/thumb/v7-m/nofp\libg.a(lib_a-fvwrite.o)
                0x08008ce0                __sfvwrite_r
 .text._fwalk_reent
                0x08008fd0       0x48 c:/progra~2/gnuarm~1/102021~1.10/bin/../lib/gcc/arm-none-eabi/10.3.1/../../../../arm-none-eabi/lib/thumb/v7-m/nofp\libg.a(lib_a-fwalk.o)
                0x08008fd0                _fwalk_reent
 .text._localeconv_r
                0x08009018        0x8 c:/progra~2/gnuarm~1/102021~1.10/bin/../lib/gcc/arm-none-eabi/10.3.1/../../../../arm-none-eabi/lib/thumb/v7-m/nofp\libg.a(lib_a-localeconv.o)
                0x08009018                _localeconv_r
 .text.__retarget_lock_init_recursive
                0x08009020        0x4 c:/progra~2/gnuarm~1/102021~1.10/bin/../lib/gcc/arm-none-eabi/10.3.1/../../../../arm-none-eabi/lib/thumb/v7-m/nofp\libg.a(lib_a-lock.o)
                0x08009020                __retarget_lock_init_recursive
 .text.__retarget_lock_close_recursive
                0x08009024        0x4 c:/progra~2/gnuarm~1/102021~1.10/bin/../lib/gcc/arm-none-eabi/10.3.1/../../../../arm-none-eabi/lib/thumb/v7-m/nofp\libg.a(lib_a-lock.o)
                0x08009024                __retarget_lock_close_recursive
 .text.__retarget_lock_acquire_recursive
                0x08009028        0x4 c:/progra~2/gnuarm~1/102021~1.10/bin/../lib/gcc/arm-none-eabi/10.3.1/../../../../arm-none-eabi/lib/thumb/v7-m/nofp\libg.a(lib_a-lock.o)
                0x08009028                __retarget_lock_acquire_recursive
 .text.__retarget_lock_release_recursive
                0x0800902c        0x4 c:/progra~2/gnuarm~1/102021~1.10/bin/../lib/gcc/arm-none-eabi/10.3.1/../../../../arm-none-eabi/lib/thumb/v7-m/nofp\libg.a(lib_a-lock.o)
                0x0800902c                __retarget_lock_release_recursive
 .text.__smakebuf_r
                0x08009030       0xe0 c:/progra~2/gnuarm~1/102021~1.10/bin/../lib/gcc/arm-none-eabi/10.3.1/../../../../arm-none-eabi/lib/thumb/v7-m/nofp\libg.a(lib_a-makebuf.o)
                0x08009030                __smakebuf_r
 .text._malloc_r
                0x08009110      0x558 c:/progra~2/gnuarm~1/102021~1.10/bin/../lib/gcc/arm-none-eabi/10.3.1/../../../../arm-none-eabi/lib/thumb/v7-m/nofp\libg.a(lib_a-mallocr.o)
                0x08009110                _malloc_r
 .text.memchr   0x08009668       0x90 c:/progra~2/gnuarm~1/102021~1.10/bin/../lib/gcc/arm-none-eabi/10.3.1/../../../../arm-none-eabi/lib/thumb/v7-m/nofp\libg.a(lib_a-memchr-stub.o)
                0x08009668                memchr
 .text.memmove  0x080096f8       0xf8 c:/progra~2/gnuarm~1/102021~1.10/bin/../lib/gcc/arm-none-eabi/10.3.1/../../../../arm-none-eabi/lib/thumb/v7-m/nofp\libg.a(lib_a-memmove.o)
                0x080096f8                memmove
 .text.__malloc_lock
                0x080097f0        0xc c:/progra~2/gnuarm~1/102021~1.10/bin/../lib/gcc/arm-none-eabi/10.3.1/../../../../arm-none-eabi/lib/thumb/v7-m/nofp\libg.a(lib_a-mlock.o)
                0x080097f0                __malloc_lock
 .text.__malloc_unlock
                0x080097fc        0xc c:/progra~2/gnuarm~1/102021~1.10/bin/../lib/gcc/arm-none-eabi/10.3.1/../../../../arm-none-eabi/lib/thumb/v7-m/nofp\libg.a(lib_a-mlock.o)
                0x080097fc                __malloc_unlock
 .text._Balloc  0x08009808       0x4c c:/progra~2/gnuarm~1/102021~1.10/bin/../lib/gcc/arm-none-eabi/10.3.1/../../../../arm-none-eabi/lib/thumb/v7-m/nofp\libg.a(lib_a-mprec.o)
                0x08009808                _Balloc
 .text._Bfree   0x08009854       0x14 c:/progra~2/gnuarm~1/102021~1.10/bin/../lib/gcc/arm-none-eabi/10.3.1/../../../../arm-none-eabi/lib/thumb/v7-m/nofp\libg.a(lib_a-mprec.o)
                0x08009854                _Bfree
 .text.__multadd
                0x08009868       0xa4 c:/progra~2/gnuarm~1/102021~1.10/bin/../lib/gcc/arm-none-eabi/10.3.1/../../../../arm-none-eabi/lib/thumb/v7-m/nofp\libg.a(lib_a-mprec.o)
                0x08009868                __multadd
 .text.__hi0bits
                0x0800990c       0x40 c:/progra~2/gnuarm~1/102021~1.10/bin/../lib/gcc/arm-none-eabi/10.3.1/../../../../arm-none-eabi/lib/thumb/v7-m/nofp\libg.a(lib_a-mprec.o)
                0x0800990c                __hi0bits
 .text.__lo0bits
                0x0800994c       0x58 c:/progra~2/gnuarm~1/102021~1.10/bin/../lib/gcc/arm-none-eabi/10.3.1/../../../../arm-none-eabi/lib/thumb/v7-m/nofp\libg.a(lib_a-mprec.o)
                0x0800994c                __lo0bits
 .text.__i2b    0x080099a4       0x5c c:/progra~2/gnuarm~1/102021~1.10/bin/../lib/gcc/arm-none-eabi/10.3.1/../../../../arm-none-eabi/lib/thumb/v7-m/nofp\libg.a(lib_a-mprec.o)
                0x080099a4                __i2b
 .text.__multiply
                0x08009a00      0x15c c:/progra~2/gnuarm~1/102021~1.10/bin/../lib/gcc/arm-none-eabi/10.3.1/../../../../arm-none-eabi/lib/thumb/v7-m/nofp\libg.a(lib_a-mprec.o)
                0x08009a00                __multiply
 .text.__pow5mult
                0x08009b5c       0xb8 c:/progra~2/gnuarm~1/102021~1.10/bin/../lib/gcc/arm-none-eabi/10.3.1/../../../../arm-none-eabi/lib/thumb/v7-m/nofp\libg.a(lib_a-mprec.o)
                0x08009b5c                __pow5mult
 .text.__lshift
                0x08009c14       0xec c:/progra~2/gnuarm~1/102021~1.10/bin/../lib/gcc/arm-none-eabi/10.3.1/../../../../arm-none-eabi/lib/thumb/v7-m/nofp\libg.a(lib_a-mprec.o)
                0x08009c14                __lshift
 .text.__mcmp   0x08009d00       0x40 c:/progra~2/gnuarm~1/102021~1.10/bin/../lib/gcc/arm-none-eabi/10.3.1/../../../../arm-none-eabi/lib/thumb/v7-m/nofp\libg.a(lib_a-mprec.o)
                0x08009d00                __mcmp
 .text.__mdiff  0x08009d40      0x14c c:/progra~2/gnuarm~1/102021~1.10/bin/../lib/gcc/arm-none-eabi/10.3.1/../../../../arm-none-eabi/lib/thumb/v7-m/nofp\libg.a(lib_a-mprec.o)
                0x08009d40                __mdiff
 .text.__d2b    0x08009e8c       0xc4 c:/progra~2/gnuarm~1/102021~1.10/bin/../lib/gcc/arm-none-eabi/10.3.1/../../../../arm-none-eabi/lib/thumb/v7-m/nofp\libg.a(lib_a-mprec.o)
                0x08009e8c                __d2b
 .text._realloc_r
                0x08009f50      0x3dc c:/progra~2/gnuarm~1/102021~1.10/bin/../lib/gcc/arm-none-eabi/10.3.1/../../../../arm-none-eabi/lib/thumb/v7-m/nofp\libg.a(lib_a-reallocr.o)
                0x08009f50                _realloc_r
 .text.frexp    0x0800a32c       0x70 c:/progra~2/gnuarm~1/102021~1.10/bin/../lib/gcc/arm-none-eabi/10.3.1/../../../../arm-none-eabi/lib/thumb/v7-m/nofp\libg.a(lib_a-s_frexp.o)
                0x0800a32c                frexp
 .text._sbrk_r  0x0800a39c       0x24 c:/progra~2/gnuarm~1/102021~1.10/bin/../lib/gcc/arm-none-eabi/10.3.1/../../../../arm-none-eabi/lib/thumb/v7-m/nofp\libg.a(lib_a-sbrkr.o)
                0x0800a39c                _sbrk_r
 .text.__sread  0x0800a3c0       0x24 c:/progra~2/gnuarm~1/102021~1.10/bin/../lib/gcc/arm-none-eabi/10.3.1/../../../../arm-none-eabi/lib/thumb/v7-m/nofp\libg.a(lib_a-stdio.o)
                0x0800a3c0                __sread
 .text.__swrite
                0x0800a3e4       0x40 c:/progra~2/gnuarm~1/102021~1.10/bin/../lib/gcc/arm-none-eabi/10.3.1/../../../../arm-none-eabi/lib/thumb/v7-m/nofp\libg.a(lib_a-stdio.o)
                0x0800a3e4                __swrite
 .text.__sseek  0x0800a424       0x20 c:/progra~2/gnuarm~1/102021~1.10/bin/../lib/gcc/arm-none-eabi/10.3.1/../../../../arm-none-eabi/lib/thumb/v7-m/nofp\libg.a(lib_a-stdio.o)
                0x0800a424                __sseek
 .text.__sclose
                0x0800a444        0x8 c:/progra~2/gnuarm~1/102021~1.10/bin/../lib/gcc/arm-none-eabi/10.3.1/../../../../arm-none-eabi/lib/thumb/v7-m/nofp\libg.a(lib_a-stdio.o)
                0x0800a444                __sclose
 .text.strncpy  0x0800a44c       0x68 c:/progra~2/gnuarm~1/102021~1.10/bin/../lib/gcc/arm-none-eabi/10.3.1/../../../../arm-none-eabi/lib/thumb/v7-m/nofp\libg.a(lib_a-strncpy.o)
                0x0800a44c                strncpy
 .text.__sprint_r.part.0
                0x0800a4b4       0x78 c:/progra~2/gnuarm~1/102021~1.10/bin/../lib/gcc/arm-none-eabi/10.3.1/../../../../arm-none-eabi/lib/thumb/v7-m/nofp\libg.a(lib_a-vfiprintf.o)
 .text.__sprint_r
                0x0800a52c       0x14 c:/progra~2/gnuarm~1/102021~1.10/bin/../lib/gcc/arm-none-eabi/10.3.1/../../../../arm-none-eabi/lib/thumb/v7-m/nofp\libg.a(lib_a-vfiprintf.o)
                0x0800a52c                __sprint_r
 .text._vfiprintf_r
                0x0800a540      0xd98 c:/progra~2/gnuarm~1/102021~1.10/bin/../lib/gcc/arm-none-eabi/10.3.1/../../../../arm-none-eabi/lib/thumb/v7-m/nofp\libg.a(lib_a-vfiprintf.o)
                0x0800a540                _vfiprintf_r
 .text.__sbprintf
                0x0800b2d8       0x84 c:/progra~2/gnuarm~1/102021~1.10/bin/../lib/gcc/arm-none-eabi/10.3.1/../../../../arm-none-eabi/lib/thumb/v7-m/nofp\libg.a(lib_a-vfiprintf.o)
 .text._write_r
                0x0800b35c       0x2c c:/progra~2/gnuarm~1/102021~1.10/bin/../lib/gcc/arm-none-eabi/10.3.1/../../../../arm-none-eabi/lib/thumb/v7-m/nofp\libg.a(lib_a-writer.o)
                0x0800b35c                _write_r
 .text.__register_exitproc
                0x0800b388       0x8c c:/progra~2/gnuarm~1/102021~1.10/bin/../lib/gcc/arm-none-eabi/10.3.1/../../../../arm-none-eabi/lib/thumb/v7-m/nofp\libg.a(lib_a-__atexit.o)
                0x0800b388                __register_exitproc
 .text.__assert_func
                0x0800b414       0x40 c:/progra~2/gnuarm~1/102021~1.10/bin/../lib/gcc/arm-none-eabi/10.3.1/../../../../arm-none-eabi/lib/thumb/v7-m/nofp\libg.a(lib_a-assert.o)
                0x0800b414                __assert_func
 .text._calloc_r
                0x0800b454       0x78 c:/progra~2/gnuarm~1/102021~1.10/bin/../lib/gcc/arm-none-eabi/10.3.1/../../../../arm-none-eabi/lib/thumb/v7-m/nofp\libg.a(lib_a-callocr.o)
                0x0800b454                _calloc_r
 .text._close_r
                0x0800b4cc       0x24 c:/progra~2/gnuarm~1/102021~1.10/bin/../lib/gcc/arm-none-eabi/10.3.1/../../../../arm-none-eabi/lib/thumb/v7-m/nofp\libg.a(lib_a-closer.o)
                0x0800b4cc                _close_r
 .text._fclose_r
                0x0800b4f0       0xcc c:/progra~2/gnuarm~1/102021~1.10/bin/../lib/gcc/arm-none-eabi/10.3.1/../../../../arm-none-eabi/lib/thumb/v7-m/nofp\libg.a(lib_a-fclose.o)
                0x0800b4f0                _fclose_r
 .text.fiprintf
                0x0800b5bc       0x28 c:/progra~2/gnuarm~1/102021~1.10/bin/../lib/gcc/arm-none-eabi/10.3.1/../../../../arm-none-eabi/lib/thumb/v7-m/nofp\libg.a(lib_a-fiprintf.o)
                0x0800b5bc                fiprintf
 .text.__fputwc
                0x0800b5e4       0xa0 c:/progra~2/gnuarm~1/102021~1.10/bin/../lib/gcc/arm-none-eabi/10.3.1/../../../../arm-none-eabi/lib/thumb/v7-m/nofp\libg.a(lib_a-fputwc.o)
                0x0800b5e4                __fputwc
 .text._fputwc_r
                0x0800b684       0x68 c:/progra~2/gnuarm~1/102021~1.10/bin/../lib/gcc/arm-none-eabi/10.3.1/../../../../arm-none-eabi/lib/thumb/v7-m/nofp\libg.a(lib_a-fputwc.o)
                0x0800b684                _fputwc_r
 .text._fstat_r
                0x0800b6ec       0x28 c:/progra~2/gnuarm~1/102021~1.10/bin/../lib/gcc/arm-none-eabi/10.3.1/../../../../arm-none-eabi/lib/thumb/v7-m/nofp\libg.a(lib_a-fstatr.o)
                0x0800b6ec                _fstat_r
 .text._isatty_r
                0x0800b714       0x24 c:/progra~2/gnuarm~1/102021~1.10/bin/../lib/gcc/arm-none-eabi/10.3.1/../../../../arm-none-eabi/lib/thumb/v7-m/nofp\libg.a(lib_a-isattyr.o)
                0x0800b714                _isatty_r
 .text.__locale_mb_cur_max
                0x0800b738        0xc c:/progra~2/gnuarm~1/102021~1.10/bin/../lib/gcc/arm-none-eabi/10.3.1/../../../../arm-none-eabi/lib/thumb/v7-m/nofp\libg.a(lib_a-locale.o)
                0x0800b738                __locale_mb_cur_max
 .text._lseek_r
                0x0800b744       0x2c c:/progra~2/gnuarm~1/102021~1.10/bin/../lib/gcc/arm-none-eabi/10.3.1/../../../../arm-none-eabi/lib/thumb/v7-m/nofp\libg.a(lib_a-lseekr.o)
                0x0800b744                _lseek_r
 .text.__ascii_mbtowc
                0x0800b770       0x2c c:/progra~2/gnuarm~1/102021~1.10/bin/../lib/gcc/arm-none-eabi/10.3.1/../../../../arm-none-eabi/lib/thumb/v7-m/nofp\libg.a(lib_a-mbtowc_r.o)
                0x0800b770                __ascii_mbtowc
 .text._read_r  0x0800b79c       0x2c c:/progra~2/gnuarm~1/102021~1.10/bin/../lib/gcc/arm-none-eabi/10.3.1/../../../../arm-none-eabi/lib/thumb/v7-m/nofp\libg.a(lib_a-readr.o)
                0x0800b79c                _read_r
 .text.__swbuf_r
                0x0800b7c8       0xb0 c:/progra~2/gnuarm~1/102021~1.10/bin/../lib/gcc/arm-none-eabi/10.3.1/../../../../arm-none-eabi/lib/thumb/v7-m/nofp\libg.a(lib_a-wbuf.o)
                0x0800b7c8                __swbuf_r
 .text._wcrtomb_r
                0x0800b878       0x3c c:/progra~2/gnuarm~1/102021~1.10/bin/../lib/gcc/arm-none-eabi/10.3.1/../../../../arm-none-eabi/lib/thumb/v7-m/nofp\libg.a(lib_a-wcrtomb.o)
                0x0800b878                _wcrtomb_r
 .text.__ascii_wctomb
                0x0800b8b4       0x1c c:/progra~2/gnuarm~1/102021~1.10/bin/../lib/gcc/arm-none-eabi/10.3.1/../../../../arm-none-eabi/lib/thumb/v7-m/nofp\libg.a(lib_a-wctomb_r.o)
                0x0800b8b4                __ascii_wctomb
 .text.abort    0x0800b8d0       0x10 c:/progra~2/gnuarm~1/102021~1.10/bin/../lib/gcc/arm-none-eabi/10.3.1/../../../../arm-none-eabi/lib/thumb/v7-m/nofp\libg.a(lib_a-abort.o)
                0x0800b8d0                abort
 .text.raise    0x0800b8e0       0x5c c:/progra~2/gnuarm~1/102021~1.10/bin/../lib/gcc/arm-none-eabi/10.3.1/../../../../arm-none-eabi/lib/thumb/v7-m/nofp\libg.a(lib_a-signal.o)
                0x0800b8e0                raise
 .text._kill_r  0x0800b93c       0x28 c:/progra~2/gnuarm~1/102021~1.10/bin/../lib/gcc/arm-none-eabi/10.3.1/../../../../arm-none-eabi/lib/thumb/v7-m/nofp\libg.a(lib_a-signalr.o)
                0x0800b93c                _kill_r
 .text._getpid_r
                0x0800b964        0x4 c:/progra~2/gnuarm~1/102021~1.10/bin/../lib/gcc/arm-none-eabi/10.3.1/../../../../arm-none-eabi/lib/thumb/v7-m/nofp\libg.a(lib_a-signalr.o)
                0x0800b964                _getpid_r
 *(.glue_7)
 .glue_7        0x0800b968        0x0 linker stubs
 *(.glue_7t)
 .glue_7t       0x0800b968        0x0 linker stubs
 *(.eh_frame)
 .eh_frame      0x0800b968        0x0 c:/progra~2/gnuarm~1/102021~1.10/bin/../lib/gcc/arm-none-eabi/10.3.1/thumb/v7-m/nofp/crtbegin.o
 *(.init)
 .init          0x0800b968        0x4 c:/progra~2/gnuarm~1/102021~1.10/bin/../lib/gcc/arm-none-eabi/10.3.1/thumb/v7-m/nofp/crti.o
                0x0800b968                _init
 .init          0x0800b96c        0x8 c:/progra~2/gnuarm~1/102021~1.10/bin/../lib/gcc/arm-none-eabi/10.3.1/thumb/v7-m/nofp/crtn.o
 *(.fini)
 .fini          0x0800b974        0x4 c:/progra~2/gnuarm~1/102021~1.10/bin/../lib/gcc/arm-none-eabi/10.3.1/thumb/v7-m/nofp/crti.o
                0x0800b974                _fini
 .fini          0x0800b978        0x8 c:/progra~2/gnuarm~1/102021~1.10/bin/../lib/gcc/arm-none-eabi/10.3.1/thumb/v7-m/nofp/crtn.o
                0x0800b980                . = ALIGN (0x4)
                0x0800b980                _etext = .

.vfp11_veneer   0x0800b980        0x0
 .vfp11_veneer  0x0800b980        0x0 linker stubs

.v4_bx          0x0800b980        0x0
 .v4_bx         0x0800b980        0x0 linker stubs

.iplt           0x0800b980        0x0
 .iplt          0x0800b980        0x0 c:/progra~2/gnuarm~1/102021~1.10/bin/../lib/gcc/arm-none-eabi/10.3.1/thumb/v7-m/nofp/crtbegin.o

.rodata         0x0800b980     0x1150
                0x0800b980                . = ALIGN (0x4)
 *(.rodata)
 *(.rodata*)
 .rodata.NRF24L01_Check.str1.4
                0x0800b980        0x6 CMakeFiles/FLY_SKY_01.elf.dir/Core/NRF24/nrf24L01.c.obj
 *fill*         0x0800b986        0x2 
 .rodata.RX_ADDRESS
                0x0800b988        0x5 CMakeFiles/FLY_SKY_01.elf.dir/Core/NRF24/nrf24L01.c.obj
                0x0800b988                RX_ADDRESS
 *fill*         0x0800b98d        0x3 
 .rodata.AHBPrescTable
                0x0800b990       0x10 CMakeFiles/FLY_SKY_01.elf.dir/Core/Src/system_stm32f1xx.c.obj
                0x0800b990                AHBPrescTable
 .rodata.APBPrescTable
                0x0800b9a0        0x8 CMakeFiles/FLY_SKY_01.elf.dir/Core/Src/system_stm32f1xx.c.obj
                0x0800b9a0                APBPrescTable
 .rodata.mpu_init.str1.4
                0x0800b9a8       0x91 CMakeFiles/FLY_SKY_01.elf.dir/Core/mpu/inv_mpu.c.obj
 *fill*         0x0800ba39        0x3 
 .rodata.hw     0x0800ba3c        0xc CMakeFiles/FLY_SKY_01.elf.dir/Core/mpu/inv_mpu.c.obj
                0x0800ba3c                hw
 .rodata.reg    0x0800ba48       0x1b CMakeFiles/FLY_SKY_01.elf.dir/Core/mpu/inv_mpu.c.obj
                0x0800ba48                reg
 *fill*         0x0800ba63        0x1 
 .rodata.test   0x0800ba64       0x28 CMakeFiles/FLY_SKY_01.elf.dir/Core/mpu/inv_mpu.c.obj
                0x0800ba64                test
 .rodata.dmp_set_orientation.str1.4
                0x0800ba8c       0x10 CMakeFiles/FLY_SKY_01.elf.dir/Core/mpu/inv_mpu_dmp_motion_driver.c.obj
 .rodata.dmp_set_fifo_rate.str1.4
                0x0800ba9c        0xd CMakeFiles/FLY_SKY_01.elf.dir/Core/mpu/inv_mpu_dmp_motion_driver.c.obj
 *fill*         0x0800baa9        0x3 
 .rodata.dmp_enable_gyro_cal.str1.4
                0x0800baac       0x16 CMakeFiles/FLY_SKY_01.elf.dir/Core/mpu/inv_mpu_dmp_motion_driver.c.obj
 *fill*         0x0800bac2        0x2 
 .rodata.dmp_memory
                0x0800bac4      0xbf6 CMakeFiles/FLY_SKY_01.elf.dir/Core/mpu/inv_mpu_dmp_motion_driver.c.obj
 *fill*         0x0800c6ba        0x2 
 .rodata.HAL_RCC_GetSysClockFreq.str1.4
                0x0800c6bc       0x11 CMakeFiles/FLY_SKY_01.elf.dir/Drivers/STM32F1xx_HAL_Driver/Src/stm32f1xx_hal_rcc.c.obj
 *fill*         0x0800c6cd        0x3 
 .rodata._global_impure_ptr
                0x0800c6d0        0x4 c:/progra~2/gnuarm~1/102021~1.10/bin/../lib/gcc/arm-none-eabi/10.3.1/../../../../arm-none-eabi/lib/thumb/v7-m/nofp\libg.a(lib_a-impure.o)
                0x0800c6d0                _global_impure_ptr
 .rodata._puts_r.str1.4
                0x0800c6d4       0x11 c:/progra~2/gnuarm~1/102021~1.10/bin/../lib/gcc/arm-none-eabi/10.3.1/../../../../arm-none-eabi/lib/thumb/v7-m/nofp\libg.a(lib_a-puts.o)
                                  0x2 (size before relaxing)
 .rodata._vfprintf_r.str1.4
                0x0800c6d4       0x42 c:/progra~2/gnuarm~1/102021~1.10/bin/../lib/gcc/arm-none-eabi/10.3.1/../../../../arm-none-eabi/lib/thumb/v7-m/nofp\libg.a(lib_a-vfprintf.o)
 *fill*         0x0800c716        0x2 
 .rodata.blanks.1
                0x0800c718       0x10 c:/progra~2/gnuarm~1/102021~1.10/bin/../lib/gcc/arm-none-eabi/10.3.1/../../../../arm-none-eabi/lib/thumb/v7-m/nofp\libg.a(lib_a-vfprintf.o)
 .rodata.zeroes.0
                0x0800c728       0x10 c:/progra~2/gnuarm~1/102021~1.10/bin/../lib/gcc/arm-none-eabi/10.3.1/../../../../arm-none-eabi/lib/thumb/v7-m/nofp\libg.a(lib_a-vfprintf.o)
 .rodata._dtoa_r.str1.4
                0x0800c738       0xa2 c:/progra~2/gnuarm~1/102021~1.10/bin/../lib/gcc/arm-none-eabi/10.3.1/../../../../arm-none-eabi/lib/thumb/v7-m/nofp\libg.a(lib_a-dtoa.o)
                                 0xa6 (size before relaxing)
 *fill*         0x0800c7da        0x2 
 .rodata.__multadd.str1.4
                0x0800c7dc       0x7f c:/progra~2/gnuarm~1/102021~1.10/bin/../lib/gcc/arm-none-eabi/10.3.1/../../../../arm-none-eabi/lib/thumb/v7-m/nofp\libg.a(lib_a-mprec.o)
                                 0x93 (size before relaxing)
 *fill*         0x0800c85b        0x5 
 .rodata.__mprec_bigtens
                0x0800c860       0x28 c:/progra~2/gnuarm~1/102021~1.10/bin/../lib/gcc/arm-none-eabi/10.3.1/../../../../arm-none-eabi/lib/thumb/v7-m/nofp\libg.a(lib_a-mprec.o)
                0x0800c860                __mprec_bigtens
 .rodata.__mprec_tens
                0x0800c888       0xc8 c:/progra~2/gnuarm~1/102021~1.10/bin/../lib/gcc/arm-none-eabi/10.3.1/../../../../arm-none-eabi/lib/thumb/v7-m/nofp\libg.a(lib_a-mprec.o)
                0x0800c888                __mprec_tens
 .rodata.p05.0  0x0800c950        0xc c:/progra~2/gnuarm~1/102021~1.10/bin/../lib/gcc/arm-none-eabi/10.3.1/../../../../arm-none-eabi/lib/thumb/v7-m/nofp\libg.a(lib_a-mprec.o)
 .rodata._vfiprintf_r.str1.4
                0x0800c95c       0x2f c:/progra~2/gnuarm~1/102021~1.10/bin/../lib/gcc/arm-none-eabi/10.3.1/../../../../arm-none-eabi/lib/thumb/v7-m/nofp\libg.a(lib_a-vfiprintf.o)
 .rodata.blanks.1
                0x0800c95c       0x10 c:/progra~2/gnuarm~1/102021~1.10/bin/../lib/gcc/arm-none-eabi/10.3.1/../../../../arm-none-eabi/lib/thumb/v7-m/nofp\libg.a(lib_a-vfiprintf.o)
 .rodata.zeroes.0
                0x0800c96c       0x10 c:/progra~2/gnuarm~1/102021~1.10/bin/../lib/gcc/arm-none-eabi/10.3.1/../../../../arm-none-eabi/lib/thumb/v7-m/nofp\libg.a(lib_a-vfiprintf.o)
 .rodata.__assert_func.str1.4
                0x0800c97c       0x3f c:/progra~2/gnuarm~1/102021~1.10/bin/../lib/gcc/arm-none-eabi/10.3.1/../../../../arm-none-eabi/lib/thumb/v7-m/nofp\libg.a(lib_a-assert.o)
                                 0x43 (size before relaxing)
 *fill*         0x0800c9bb        0x1 
 .rodata._setlocale_r.str1.4
                0x0800c9bc        0xa c:/progra~2/gnuarm~1/102021~1.10/bin/../lib/gcc/arm-none-eabi/10.3.1/../../../../arm-none-eabi/lib/thumb/v7-m/nofp\libg.a(lib_a-locale.o)
                                  0xd (size before relaxing)
 *fill*         0x0800c9c6        0x2 
 .rodata.str1.4
                0x0800c9c8        0x2 c:/progra~2/gnuarm~1/102021~1.10/bin/../lib/gcc/arm-none-eabi/10.3.1/../../../../arm-none-eabi/lib/thumb/v7-m/nofp\libg.a(lib_a-locale.o)
 *fill*         0x0800c9ca        0x2 
 .rodata._ctype_
                0x0800c9cc      0x101 c:/progra~2/gnuarm~1/102021~1.10/bin/../lib/gcc/arm-none-eabi/10.3.1/../../../../arm-none-eabi/lib/thumb/v7-m/nofp\libg.a(lib_a-ctype_.o)
                0x0800c9cc                _ctype_
                0x0800cad0                . = ALIGN (0x4)
 *fill*         0x0800cacd        0x3 

.ARM.extab      0x0800cad0        0x0
                0x0800cad0                . = ALIGN (0x4)
 *(.ARM.extab* .gnu.linkonce.armextab.*)
                0x0800cad0                . = ALIGN (0x4)

.ARM            0x0800cad0        0x8
                0x0800cad0                . = ALIGN (0x4)
                0x0800cad0                __exidx_start = .
 *(.ARM.exidx*)
 .ARM.exidx     0x0800cad0        0x8 c:/progra~2/gnuarm~1/102021~1.10/bin/../lib/gcc/arm-none-eabi/10.3.1/thumb/v7-m/nofp\libgcc.a(_udivmoddi4.o)
                0x0800cad8                __exidx_end = .
                0x0800cad8                . = ALIGN (0x4)

.rel.dyn        0x0800cad8        0x0
 .rel.iplt      0x0800cad8        0x0 c:/progra~2/gnuarm~1/102021~1.10/bin/../lib/gcc/arm-none-eabi/10.3.1/thumb/v7-m/nofp/crtbegin.o

.preinit_array  0x0800cad8        0x0
                0x0800cad8                . = ALIGN (0x4)
                0x0800cad8                PROVIDE (__preinit_array_start = .)
 *(.preinit_array*)
                0x0800cad8                PROVIDE (__preinit_array_end = .)
                0x0800cad8                . = ALIGN (0x4)

.init_array     0x0800cad8        0x8
                0x0800cad8                . = ALIGN (0x4)
                0x0800cad8                PROVIDE (__init_array_start = .)
 *(SORT_BY_NAME(.init_array.*))
 .init_array.00000
                0x0800cad8        0x4 c:/progra~2/gnuarm~1/102021~1.10/bin/../lib/gcc/arm-none-eabi/10.3.1/../../../../arm-none-eabi/lib/thumb/v7-m/nofp\libg.a(lib_a-__call_atexit.o)
 *(.init_array*)
 .init_array    0x0800cadc        0x4 c:/progra~2/gnuarm~1/102021~1.10/bin/../lib/gcc/arm-none-eabi/10.3.1/thumb/v7-m/nofp/crtbegin.o
                0x0800cae0                PROVIDE (__init_array_end = .)
                0x0800cae0                . = ALIGN (0x4)

.fini_array     0x0800cae0        0x4
                0x0800cae0                . = ALIGN (0x4)
                0x0800cae0                PROVIDE (__fini_array_start = .)
 *(SORT_BY_NAME(.fini_array.*))
 *(.fini_array*)
 .fini_array    0x0800cae0        0x4 c:/progra~2/gnuarm~1/102021~1.10/bin/../lib/gcc/arm-none-eabi/10.3.1/thumb/v7-m/nofp/crtbegin.o
                0x0800cae4                PROVIDE (__fini_array_end = .)
                0x0800cae4                . = ALIGN (0x4)
                0x0800cae4                _sidata = LOADADDR (.data)

.data           0x20000000      0x9f8 load address 0x0800cae4
                0x20000000                . = ALIGN (0x4)
                0x20000000                _sdata = .
 *(.data)
 *(.data*)
 .data.PWM      0x20000000        0x8 CMakeFiles/FLY_SKY_01.elf.dir/Core/Src/ETC.c.obj
                0x20000000                PWM
 .data.SystemCoreClock
                0x20000008        0x4 CMakeFiles/FLY_SKY_01.elf.dir/Core/Src/system_stm32f1xx.c.obj
                0x20000008                SystemCoreClock
 .data.gyro_orientation
                0x2000000c        0x9 CMakeFiles/FLY_SKY_01.elf.dir/Core/mpu/inv_mpu.c.obj
 *fill*         0x20000015        0x3 
 .data.st       0x20000018       0x2c CMakeFiles/FLY_SKY_01.elf.dir/Core/mpu/inv_mpu.c.obj
 .data.uwTickFreq
                0x20000044        0x1 CMakeFiles/FLY_SKY_01.elf.dir/Drivers/STM32F1xx_HAL_Driver/Src/stm32f1xx_hal.c.obj
                0x20000044                uwTickFreq
 *fill*         0x20000045        0x3 
 .data.uwTickPrio
                0x20000048        0x4 CMakeFiles/FLY_SKY_01.elf.dir/Drivers/STM32F1xx_HAL_Driver/Src/stm32f1xx_hal.c.obj
                0x20000048                uwTickPrio
 .data._impure_ptr
                0x2000004c        0x4 c:/progra~2/gnuarm~1/102021~1.10/bin/../lib/gcc/arm-none-eabi/10.3.1/../../../../arm-none-eabi/lib/thumb/v7-m/nofp\libg.a(lib_a-impure.o)
                0x2000004c                _impure_ptr
 .data.impure_data
                0x20000050      0x428 c:/progra~2/gnuarm~1/102021~1.10/bin/../lib/gcc/arm-none-eabi/10.3.1/../../../../arm-none-eabi/lib/thumb/v7-m/nofp\libg.a(lib_a-impure.o)
 .data.__atexit_recursive_mutex
                0x20000478        0x4 c:/progra~2/gnuarm~1/102021~1.10/bin/../lib/gcc/arm-none-eabi/10.3.1/../../../../arm-none-eabi/lib/thumb/v7-m/nofp\libg.a(lib_a-__call_atexit.o)
                0x20000478                __atexit_recursive_mutex
 .data.__malloc_av_
                0x2000047c      0x408 c:/progra~2/gnuarm~1/102021~1.10/bin/../lib/gcc/arm-none-eabi/10.3.1/../../../../arm-none-eabi/lib/thumb/v7-m/nofp\libg.a(lib_a-mallocr.o)
                0x2000047c                __malloc_av_
 .data.__malloc_sbrk_base
                0x20000884        0x4 c:/progra~2/gnuarm~1/102021~1.10/bin/../lib/gcc/arm-none-eabi/10.3.1/../../../../arm-none-eabi/lib/thumb/v7-m/nofp\libg.a(lib_a-mallocr.o)
                0x20000884                __malloc_sbrk_base
 .data.__malloc_trim_threshold
                0x20000888        0x4 c:/progra~2/gnuarm~1/102021~1.10/bin/../lib/gcc/arm-none-eabi/10.3.1/../../../../arm-none-eabi/lib/thumb/v7-m/nofp\libg.a(lib_a-mallocr.o)
                0x20000888                __malloc_trim_threshold
 .data.__global_locale
                0x2000088c      0x16c c:/progra~2/gnuarm~1/102021~1.10/bin/../lib/gcc/arm-none-eabi/10.3.1/../../../../arm-none-eabi/lib/thumb/v7-m/nofp\libg.a(lib_a-locale.o)
                0x2000088c                __global_locale
 *(.RamFunc)
 *(.RamFunc*)
                0x200009f8                . = ALIGN (0x4)
                0x200009f8                _edata = .

.igot.plt       0x200009f8        0x0 load address 0x0800d4dc
 .igot.plt      0x200009f8        0x0 c:/progra~2/gnuarm~1/102021~1.10/bin/../lib/gcc/arm-none-eabi/10.3.1/thumb/v7-m/nofp/crtbegin.o
                0x200009f8                . = ALIGN (0x4)

.bss            0x200009f8      0x184 load address 0x0800d4dc
                0x200009f8                _sbss = .
                0x200009f8                __bss_start__ = _sbss
 *(.bss)
 .bss           0x200009f8       0x1c c:/progra~2/gnuarm~1/102021~1.10/bin/../lib/gcc/arm-none-eabi/10.3.1/thumb/v7-m/nofp/crtbegin.o
 *(.bss*)
 .bss.Receive_data
                0x20000a14       0x21 CMakeFiles/FLY_SKY_01.elf.dir/Core/Src/ETC.c.obj
                0x20000a14                Receive_data
 *fill*         0x20000a35        0x3 
 .bss.hspi1     0x20000a38       0x58 CMakeFiles/FLY_SKY_01.elf.dir/Core/Src/spi.c.obj
                0x20000a38                hspi1
 .bss.__sbrk_heap_end
                0x20000a90        0x4 CMakeFiles/FLY_SKY_01.elf.dir/Core/Src/sysmem.c.obj
 .bss.htim1     0x20000a94       0x48 CMakeFiles/FLY_SKY_01.elf.dir/Core/Src/tim.c.obj
                0x20000a94                htim1
 .bss.huart1    0x20000adc       0x44 CMakeFiles/FLY_SKY_01.elf.dir/Core/Src/usart.c.obj
                0x20000adc                huart1
 .bss.dmp       0x20000b20       0x10 CMakeFiles/FLY_SKY_01.elf.dir/Core/mpu/inv_mpu_dmp_motion_driver.c.obj
 .bss.uwTick    0x20000b30        0x4 CMakeFiles/FLY_SKY_01.elf.dir/Drivers/STM32F1xx_HAL_Driver/Src/stm32f1xx_hal.c.obj
                0x20000b30                uwTick
 .bss.__lock___atexit_recursive_mutex
                0x20000b34        0x1 c:/progra~2/gnuarm~1/102021~1.10/bin/../lib/gcc/arm-none-eabi/10.3.1/../../../../arm-none-eabi/lib/thumb/v7-m/nofp\libg.a(lib_a-lock.o)
                0x20000b34                __lock___atexit_recursive_mutex
 *fill*         0x20000b35        0x3 
 .bss.__lock___malloc_recursive_mutex
                0x20000b38        0x1 c:/progra~2/gnuarm~1/102021~1.10/bin/../lib/gcc/arm-none-eabi/10.3.1/../../../../arm-none-eabi/lib/thumb/v7-m/nofp\libg.a(lib_a-lock.o)
                0x20000b38                __lock___malloc_recursive_mutex
 *fill*         0x20000b39        0x3 
 .bss.__lock___sfp_recursive_mutex
                0x20000b3c        0x1 c:/progra~2/gnuarm~1/102021~1.10/bin/../lib/gcc/arm-none-eabi/10.3.1/../../../../arm-none-eabi/lib/thumb/v7-m/nofp\libg.a(lib_a-lock.o)
                0x20000b3c                __lock___sfp_recursive_mutex
 *fill*         0x20000b3d        0x3 
 .bss.__lock___sinit_recursive_mutex
                0x20000b40        0x1 c:/progra~2/gnuarm~1/102021~1.10/bin/../lib/gcc/arm-none-eabi/10.3.1/../../../../arm-none-eabi/lib/thumb/v7-m/nofp\libg.a(lib_a-lock.o)
                0x20000b40                __lock___sinit_recursive_mutex
 *fill*         0x20000b41        0x3 
 .bss.__malloc_current_mallinfo
                0x20000b44       0x28 c:/progra~2/gnuarm~1/102021~1.10/bin/../lib/gcc/arm-none-eabi/10.3.1/../../../../arm-none-eabi/lib/thumb/v7-m/nofp\libg.a(lib_a-mallocr.o)
                0x20000b44                __malloc_current_mallinfo
 .bss.__malloc_max_sbrked_mem
                0x20000b6c        0x4 c:/progra~2/gnuarm~1/102021~1.10/bin/../lib/gcc/arm-none-eabi/10.3.1/../../../../arm-none-eabi/lib/thumb/v7-m/nofp\libg.a(lib_a-mallocr.o)
                0x20000b6c                __malloc_max_sbrked_mem
 .bss.__malloc_max_total_mem
                0x20000b70        0x4 c:/progra~2/gnuarm~1/102021~1.10/bin/../lib/gcc/arm-none-eabi/10.3.1/../../../../arm-none-eabi/lib/thumb/v7-m/nofp\libg.a(lib_a-mallocr.o)
                0x20000b70                __malloc_max_total_mem
 .bss.__malloc_top_pad
                0x20000b74        0x4 c:/progra~2/gnuarm~1/102021~1.10/bin/../lib/gcc/arm-none-eabi/10.3.1/../../../../arm-none-eabi/lib/thumb/v7-m/nofp\libg.a(lib_a-mallocr.o)
                0x20000b74                __malloc_top_pad
 .bss.errno     0x20000b78        0x4 c:/progra~2/gnuarm~1/102021~1.10/bin/../lib/gcc/arm-none-eabi/10.3.1/../../../../arm-none-eabi/lib/thumb/v7-m/nofp\libg.a(lib_a-reent.o)
                0x20000b78                errno
 *(COMMON)
                0x20000b7c                . = ALIGN (0x4)
                0x20000b7c                _ebss = .
                0x20000b7c                __bss_end__ = _ebss

._user_heap_stack
                0x20000b7c      0x604 load address 0x0800d4dc
                0x20000b80                . = ALIGN (0x8)
 *fill*         0x20000b7c        0x4 
                [!provide]                PROVIDE (end = .)
                0x20000b80                PROVIDE (_end = .)
                0x20000d80                . = (. + _Min_Heap_Size)
 *fill*         0x20000b80      0x200 
                0x20001180                . = (. + _Min_Stack_Size)
 *fill*         0x20000d80      0x400 
                0x20001180                . = ALIGN (0x8)

/DISCARD/
 libc.a(*)
 libm.a(*)
 libgcc.a(*)

.ARM.attributes
                0x00000000       0x29
 *(.ARM.attributes)
 .ARM.attributes
                0x00000000       0x1d c:/progra~2/gnuarm~1/102021~1.10/bin/../lib/gcc/arm-none-eabi/10.3.1/thumb/v7-m/nofp/crti.o
 .ARM.attributes
                0x0000001d       0x2d c:/progra~2/gnuarm~1/102021~1.10/bin/../lib/gcc/arm-none-eabi/10.3.1/thumb/v7-m/nofp/crtbegin.o
 .ARM.attributes
                0x0000004a       0x2d CMakeFiles/FLY_SKY_01.elf.dir/Core/NRF24/nrf24L01.c.obj
 .ARM.attributes
                0x00000077       0x2d CMakeFiles/FLY_SKY_01.elf.dir/Core/Src/ETC.c.obj
 .ARM.attributes
                0x000000a4       0x2d CMakeFiles/FLY_SKY_01.elf.dir/Core/Src/gpio.c.obj
 .ARM.attributes
                0x000000d1       0x2d CMakeFiles/FLY_SKY_01.elf.dir/Core/Src/main.c.obj
 .ARM.attributes
                0x000000fe       0x2d CMakeFiles/FLY_SKY_01.elf.dir/Core/Src/spi.c.obj
 .ARM.attributes
                0x0000012b       0x2d CMakeFiles/FLY_SKY_01.elf.dir/Core/Src/stm32f1xx_hal_msp.c.obj
 .ARM.attributes
                0x00000158       0x2d CMakeFiles/FLY_SKY_01.elf.dir/Core/Src/stm32f1xx_it.c.obj
 .ARM.attributes
                0x00000185       0x2d CMakeFiles/FLY_SKY_01.elf.dir/Core/Src/syscalls.c.obj
 .ARM.attributes
                0x000001b2       0x2d CMakeFiles/FLY_SKY_01.elf.dir/Core/Src/sysmem.c.obj
 .ARM.attributes
                0x000001df       0x2d CMakeFiles/FLY_SKY_01.elf.dir/Core/Src/system_stm32f1xx.c.obj
 .ARM.attributes
                0x0000020c       0x2d CMakeFiles/FLY_SKY_01.elf.dir/Core/Src/tim.c.obj
 .ARM.attributes
                0x00000239       0x2d CMakeFiles/FLY_SKY_01.elf.dir/Core/Src/usart.c.obj
 .ARM.attributes
                0x00000266       0x21 CMakeFiles/FLY_SKY_01.elf.dir/Core/Startup/startup_stm32f103c8tx.s.obj
 .ARM.attributes
                0x00000287       0x2d CMakeFiles/FLY_SKY_01.elf.dir/Core/mpu/IIC.c.obj
 .ARM.attributes
                0x000002b4       0x2d CMakeFiles/FLY_SKY_01.elf.dir/Core/mpu/inv_mpu.c.obj
 .ARM.attributes
                0x000002e1       0x2d CMakeFiles/FLY_SKY_01.elf.dir/Core/mpu/inv_mpu_dmp_motion_driver.c.obj
 .ARM.attributes
                0x0000030e       0x2d CMakeFiles/FLY_SKY_01.elf.dir/Core/mpu/mpu6050.c.obj
 .ARM.attributes
                0x0000033b       0x2d CMakeFiles/FLY_SKY_01.elf.dir/Drivers/STM32F1xx_HAL_Driver/Src/stm32f1xx_hal.c.obj
 .ARM.attributes
                0x00000368       0x2d CMakeFiles/FLY_SKY_01.elf.dir/Drivers/STM32F1xx_HAL_Driver/Src/stm32f1xx_hal_cortex.c.obj
 .ARM.attributes
                0x00000395       0x2d CMakeFiles/FLY_SKY_01.elf.dir/Drivers/STM32F1xx_HAL_Driver/Src/stm32f1xx_hal_gpio.c.obj
 .ARM.attributes
                0x000003c2       0x2d CMakeFiles/FLY_SKY_01.elf.dir/Drivers/STM32F1xx_HAL_Driver/Src/stm32f1xx_hal_rcc.c.obj
 .ARM.attributes
                0x000003ef       0x2d CMakeFiles/FLY_SKY_01.elf.dir/Drivers/STM32F1xx_HAL_Driver/Src/stm32f1xx_hal_spi.c.obj
 .ARM.attributes
                0x0000041c       0x2d CMakeFiles/FLY_SKY_01.elf.dir/Drivers/STM32F1xx_HAL_Driver/Src/stm32f1xx_hal_tim.c.obj
 .ARM.attributes
                0x00000449       0x2d CMakeFiles/FLY_SKY_01.elf.dir/Drivers/STM32F1xx_HAL_Driver/Src/stm32f1xx_hal_tim_ex.c.obj
 .ARM.attributes
                0x00000476       0x2d CMakeFiles/FLY_SKY_01.elf.dir/Drivers/STM32F1xx_HAL_Driver/Src/stm32f1xx_hal_uart.c.obj
 .ARM.attributes
                0x000004a3       0x1d c:/progra~2/gnuarm~1/102021~1.10/bin/../lib/gcc/arm-none-eabi/10.3.1/thumb/v7-m/nofp\libgcc.a(_arm_addsubdf3.o)
 .ARM.attributes
                0x000004c0       0x1d c:/progra~2/gnuarm~1/102021~1.10/bin/../lib/gcc/arm-none-eabi/10.3.1/thumb/v7-m/nofp\libgcc.a(_arm_muldivdf3.o)
 .ARM.attributes
                0x000004dd       0x1d c:/progra~2/gnuarm~1/102021~1.10/bin/../lib/gcc/arm-none-eabi/10.3.1/thumb/v7-m/nofp\libgcc.a(_arm_addsubsf3.o)
 .ARM.attributes
                0x000004fa       0x1d c:/progra~2/gnuarm~1/102021~1.10/bin/../lib/gcc/arm-none-eabi/10.3.1/thumb/v7-m/nofp\libgcc.a(_arm_muldivsf3.o)
 .ARM.attributes
                0x00000517       0x1d c:/progra~2/gnuarm~1/102021~1.10/bin/../lib/gcc/arm-none-eabi/10.3.1/thumb/v7-m/nofp\libgcc.a(_arm_cmpsf2.o)
 .ARM.attributes
                0x00000534       0x1d c:/progra~2/gnuarm~1/102021~1.10/bin/../lib/gcc/arm-none-eabi/10.3.1/thumb/v7-m/nofp\libgcc.a(_arm_fixsfsi.o)
 .ARM.attributes
                0x00000551       0x1d c:/progra~2/gnuarm~1/102021~1.10/bin/../lib/gcc/arm-none-eabi/10.3.1/thumb/v7-m/nofp\libgcc.a(_arm_fixunssfsi.o)
 .ARM.attributes
                0x0000056e       0x1d c:/progra~2/gnuarm~1/102021~1.10/bin/../lib/gcc/arm-none-eabi/10.3.1/thumb/v7-m/nofp\libgcc.a(_aeabi_ldivmod.o)
 .ARM.attributes
                0x0000058b       0x2d c:/progra~2/gnuarm~1/102021~1.10/bin/../lib/gcc/arm-none-eabi/10.3.1/thumb/v7-m/nofp\libgcc.a(_udivmoddi4.o)
 .ARM.attributes
                0x000005b8       0x1d c:/progra~2/gnuarm~1/102021~1.10/bin/../lib/gcc/arm-none-eabi/10.3.1/thumb/v7-m/nofp\libgcc.a(_dvmd_tls.o)
 .ARM.attributes
                0x000005d5       0x2d c:/progra~2/gnuarm~1/102021~1.10/bin/../lib/gcc/arm-none-eabi/10.3.1/../../../../arm-none-eabi/lib/thumb/v7-m/nofp\libg.a(lib_a-errno.o)
 .ARM.attributes
                0x00000602       0x2d c:/progra~2/gnuarm~1/102021~1.10/bin/../lib/gcc/arm-none-eabi/10.3.1/../../../../arm-none-eabi/lib/thumb/v7-m/nofp\libg.a(lib_a-impure.o)
 .ARM.attributes
                0x0000062f       0x2d c:/progra~2/gnuarm~1/102021~1.10/bin/../lib/gcc/arm-none-eabi/10.3.1/../../../../arm-none-eabi/lib/thumb/v7-m/nofp\libg.a(lib_a-init.o)
 .ARM.attributes
                0x0000065c       0x2d c:/progra~2/gnuarm~1/102021~1.10/bin/../lib/gcc/arm-none-eabi/10.3.1/../../../../arm-none-eabi/lib/thumb/v7-m/nofp\libg.a(lib_a-memcmp.o)
 .ARM.attributes
                0x00000689       0x2d c:/progra~2/gnuarm~1/102021~1.10/bin/../lib/gcc/arm-none-eabi/10.3.1/../../../../arm-none-eabi/lib/thumb/v7-m/nofp\libg.a(lib_a-memset.o)
 .ARM.attributes
                0x000006b6       0x2d c:/progra~2/gnuarm~1/102021~1.10/bin/../lib/gcc/arm-none-eabi/10.3.1/../../../../arm-none-eabi/lib/thumb/v7-m/nofp\libg.a(lib_a-printf.o)
 .ARM.attributes
                0x000006e3       0x2d c:/progra~2/gnuarm~1/102021~1.10/bin/../lib/gcc/arm-none-eabi/10.3.1/../../../../arm-none-eabi/lib/thumb/v7-m/nofp\libg.a(lib_a-puts.o)
 .ARM.attributes
                0x00000710       0x2d c:/progra~2/gnuarm~1/102021~1.10/bin/../lib/gcc/arm-none-eabi/10.3.1/../../../../arm-none-eabi/lib/thumb/v7-m/nofp\libg.a(lib_a-strlen-stub.o)
 .ARM.attributes
                0x0000073d       0x2d c:/progra~2/gnuarm~1/102021~1.10/bin/../lib/gcc/arm-none-eabi/10.3.1/../../../../arm-none-eabi/lib/thumb/v7-m/nofp\libg.a(lib_a-vfprintf.o)
 .ARM.attributes
                0x0000076a       0x2d c:/progra~2/gnuarm~1/102021~1.10/bin/../lib/gcc/arm-none-eabi/10.3.1/../../../../arm-none-eabi/lib/thumb/v7-m/nofp\libg.a(lib_a-wsetup.o)
 .ARM.attributes
                0x00000797       0x2d c:/progra~2/gnuarm~1/102021~1.10/bin/../lib/gcc/arm-none-eabi/10.3.1/../../../../arm-none-eabi/lib/thumb/v7-m/nofp\libg.a(lib_a-__call_atexit.o)
 .ARM.attributes
                0x000007c4       0x2d c:/progra~2/gnuarm~1/102021~1.10/bin/../lib/gcc/arm-none-eabi/10.3.1/../../../../arm-none-eabi/lib/thumb/v7-m/nofp\libg.a(lib_a-atexit.o)
 .ARM.attributes
                0x000007f1       0x2d c:/progra~2/gnuarm~1/102021~1.10/bin/../lib/gcc/arm-none-eabi/10.3.1/../../../../arm-none-eabi/lib/thumb/v7-m/nofp\libg.a(lib_a-dtoa.o)
 .ARM.attributes
                0x0000081e       0x2d c:/progra~2/gnuarm~1/102021~1.10/bin/../lib/gcc/arm-none-eabi/10.3.1/../../../../arm-none-eabi/lib/thumb/v7-m/nofp\libg.a(lib_a-fflush.o)
 .ARM.attributes
                0x0000084b       0x2d c:/progra~2/gnuarm~1/102021~1.10/bin/../lib/gcc/arm-none-eabi/10.3.1/../../../../arm-none-eabi/lib/thumb/v7-m/nofp\libg.a(lib_a-findfp.o)
 .ARM.attributes
                0x00000878       0x2d c:/progra~2/gnuarm~1/102021~1.10/bin/../lib/gcc/arm-none-eabi/10.3.1/../../../../arm-none-eabi/lib/thumb/v7-m/nofp\libg.a(lib_a-fini.o)
 .ARM.attributes
                0x000008a5       0x2d c:/progra~2/gnuarm~1/102021~1.10/bin/../lib/gcc/arm-none-eabi/10.3.1/../../../../arm-none-eabi/lib/thumb/v7-m/nofp\libg.a(lib_a-freer.o)
 .ARM.attributes
                0x000008d2       0x2d c:/progra~2/gnuarm~1/102021~1.10/bin/../lib/gcc/arm-none-eabi/10.3.1/../../../../arm-none-eabi/lib/thumb/v7-m/nofp\libg.a(lib_a-fvwrite.o)
 .ARM.attributes
                0x000008ff       0x2d c:/progra~2/gnuarm~1/102021~1.10/bin/../lib/gcc/arm-none-eabi/10.3.1/../../../../arm-none-eabi/lib/thumb/v7-m/nofp\libg.a(lib_a-fwalk.o)
 .ARM.attributes
                0x0000092c       0x2d c:/progra~2/gnuarm~1/102021~1.10/bin/../lib/gcc/arm-none-eabi/10.3.1/../../../../arm-none-eabi/lib/thumb/v7-m/nofp\libg.a(lib_a-localeconv.o)
 .ARM.attributes
                0x00000959       0x2d c:/progra~2/gnuarm~1/102021~1.10/bin/../lib/gcc/arm-none-eabi/10.3.1/../../../../arm-none-eabi/lib/thumb/v7-m/nofp\libg.a(lib_a-lock.o)
 .ARM.attributes
                0x00000986       0x2d c:/progra~2/gnuarm~1/102021~1.10/bin/../lib/gcc/arm-none-eabi/10.3.1/../../../../arm-none-eabi/lib/thumb/v7-m/nofp\libg.a(lib_a-makebuf.o)
 .ARM.attributes
                0x000009b3       0x2d c:/progra~2/gnuarm~1/102021~1.10/bin/../lib/gcc/arm-none-eabi/10.3.1/../../../../arm-none-eabi/lib/thumb/v7-m/nofp\libg.a(lib_a-mallocr.o)
 .ARM.attributes
                0x000009e0       0x2d c:/progra~2/gnuarm~1/102021~1.10/bin/../lib/gcc/arm-none-eabi/10.3.1/../../../../arm-none-eabi/lib/thumb/v7-m/nofp\libg.a(lib_a-memchr-stub.o)
 .ARM.attributes
                0x00000a0d       0x1b c:/progra~2/gnuarm~1/102021~1.10/bin/../lib/gcc/arm-none-eabi/10.3.1/../../../../arm-none-eabi/lib/thumb/v7-m/nofp\libg.a(lib_a-memcpy.o)
 .ARM.attributes
                0x00000a28       0x2d c:/progra~2/gnuarm~1/102021~1.10/bin/../lib/gcc/arm-none-eabi/10.3.1/../../../../arm-none-eabi/lib/thumb/v7-m/nofp\libg.a(lib_a-memmove.o)
 .ARM.attributes
                0x00000a55       0x2d c:/progra~2/gnuarm~1/102021~1.10/bin/../lib/gcc/arm-none-eabi/10.3.1/../../../../arm-none-eabi/lib/thumb/v7-m/nofp\libg.a(lib_a-mlock.o)
 .ARM.attributes
                0x00000a82       0x2d c:/progra~2/gnuarm~1/102021~1.10/bin/../lib/gcc/arm-none-eabi/10.3.1/../../../../arm-none-eabi/lib/thumb/v7-m/nofp\libg.a(lib_a-mprec.o)
 .ARM.attributes
                0x00000aaf       0x2d c:/progra~2/gnuarm~1/102021~1.10/bin/../lib/gcc/arm-none-eabi/10.3.1/../../../../arm-none-eabi/lib/thumb/v7-m/nofp\libg.a(lib_a-reallocr.o)
 .ARM.attributes
                0x00000adc       0x2d c:/progra~2/gnuarm~1/102021~1.10/bin/../lib/gcc/arm-none-eabi/10.3.1/../../../../arm-none-eabi/lib/thumb/v7-m/nofp\libg.a(lib_a-s_frexp.o)
 .ARM.attributes
                0x00000b09       0x2d c:/progra~2/gnuarm~1/102021~1.10/bin/../lib/gcc/arm-none-eabi/10.3.1/../../../../arm-none-eabi/lib/thumb/v7-m/nofp\libg.a(lib_a-sbrkr.o)
 .ARM.attributes
                0x00000b36       0x2d c:/progra~2/gnuarm~1/102021~1.10/bin/../lib/gcc/arm-none-eabi/10.3.1/../../../../arm-none-eabi/lib/thumb/v7-m/nofp\libg.a(lib_a-stdio.o)
 .ARM.attributes
                0x00000b63       0x2d c:/progra~2/gnuarm~1/102021~1.10/bin/../lib/gcc/arm-none-eabi/10.3.1/../../../../arm-none-eabi/lib/thumb/v7-m/nofp\libg.a(lib_a-strncpy.o)
 .ARM.attributes
                0x00000b90       0x2d c:/progra~2/gnuarm~1/102021~1.10/bin/../lib/gcc/arm-none-eabi/10.3.1/../../../../arm-none-eabi/lib/thumb/v7-m/nofp\libg.a(lib_a-vfiprintf.o)
 .ARM.attributes
                0x00000bbd       0x2d c:/progra~2/gnuarm~1/102021~1.10/bin/../lib/gcc/arm-none-eabi/10.3.1/../../../../arm-none-eabi/lib/thumb/v7-m/nofp\libg.a(lib_a-writer.o)
 .ARM.attributes
                0x00000bea       0x2d c:/progra~2/gnuarm~1/102021~1.10/bin/../lib/gcc/arm-none-eabi/10.3.1/../../../../arm-none-eabi/lib/thumb/v7-m/nofp\libg.a(lib_a-__atexit.o)
 .ARM.attributes
                0x00000c17       0x2d c:/progra~2/gnuarm~1/102021~1.10/bin/../lib/gcc/arm-none-eabi/10.3.1/../../../../arm-none-eabi/lib/thumb/v7-m/nofp\libg.a(lib_a-assert.o)
 .ARM.attributes
                0x00000c44       0x2d c:/progra~2/gnuarm~1/102021~1.10/bin/../lib/gcc/arm-none-eabi/10.3.1/../../../../arm-none-eabi/lib/thumb/v7-m/nofp\libg.a(lib_a-callocr.o)
 .ARM.attributes
                0x00000c71       0x2d c:/progra~2/gnuarm~1/102021~1.10/bin/../lib/gcc/arm-none-eabi/10.3.1/../../../../arm-none-eabi/lib/thumb/v7-m/nofp\libg.a(lib_a-closer.o)
 .ARM.attributes
                0x00000c9e       0x2d c:/progra~2/gnuarm~1/102021~1.10/bin/../lib/gcc/arm-none-eabi/10.3.1/../../../../arm-none-eabi/lib/thumb/v7-m/nofp\libg.a(lib_a-fclose.o)
 .ARM.attributes
                0x00000ccb       0x2d c:/progra~2/gnuarm~1/102021~1.10/bin/../lib/gcc/arm-none-eabi/10.3.1/../../../../arm-none-eabi/lib/thumb/v7-m/nofp\libg.a(lib_a-fiprintf.o)
 .ARM.attributes
                0x00000cf8       0x2d c:/progra~2/gnuarm~1/102021~1.10/bin/../lib/gcc/arm-none-eabi/10.3.1/../../../../arm-none-eabi/lib/thumb/v7-m/nofp\libg.a(lib_a-fputwc.o)
 .ARM.attributes
                0x00000d25       0x2d c:/progra~2/gnuarm~1/102021~1.10/bin/../lib/gcc/arm-none-eabi/10.3.1/../../../../arm-none-eabi/lib/thumb/v7-m/nofp\libg.a(lib_a-fstatr.o)
 .ARM.attributes
                0x00000d52       0x2d c:/progra~2/gnuarm~1/102021~1.10/bin/../lib/gcc/arm-none-eabi/10.3.1/../../../../arm-none-eabi/lib/thumb/v7-m/nofp\libg.a(lib_a-isattyr.o)
 .ARM.attributes
                0x00000d7f       0x2d c:/progra~2/gnuarm~1/102021~1.10/bin/../lib/gcc/arm-none-eabi/10.3.1/../../../../arm-none-eabi/lib/thumb/v7-m/nofp\libg.a(lib_a-locale.o)
 .ARM.attributes
                0x00000dac       0x2d c:/progra~2/gnuarm~1/102021~1.10/bin/../lib/gcc/arm-none-eabi/10.3.1/../../../../arm-none-eabi/lib/thumb/v7-m/nofp\libg.a(lib_a-lseekr.o)
 .ARM.attributes
                0x00000dd9       0x2d c:/progra~2/gnuarm~1/102021~1.10/bin/../lib/gcc/arm-none-eabi/10.3.1/../../../../arm-none-eabi/lib/thumb/v7-m/nofp\libg.a(lib_a-mbtowc_r.o)
 .ARM.attributes
                0x00000e06       0x2d c:/progra~2/gnuarm~1/102021~1.10/bin/../lib/gcc/arm-none-eabi/10.3.1/../../../../arm-none-eabi/lib/thumb/v7-m/nofp\libg.a(lib_a-readr.o)
 .ARM.attributes
                0x00000e33       0x2d c:/progra~2/gnuarm~1/102021~1.10/bin/../lib/gcc/arm-none-eabi/10.3.1/../../../../arm-none-eabi/lib/thumb/v7-m/nofp\libg.a(lib_a-reent.o)
 .ARM.attributes
                0x00000e60       0x2d c:/progra~2/gnuarm~1/102021~1.10/bin/../lib/gcc/arm-none-eabi/10.3.1/../../../../arm-none-eabi/lib/thumb/v7-m/nofp\libg.a(lib_a-wbuf.o)
 .ARM.attributes
                0x00000e8d       0x2d c:/progra~2/gnuarm~1/102021~1.10/bin/../lib/gcc/arm-none-eabi/10.3.1/../../../../arm-none-eabi/lib/thumb/v7-m/nofp\libg.a(lib_a-wcrtomb.o)
 .ARM.attributes
                0x00000eba       0x2d c:/progra~2/gnuarm~1/102021~1.10/bin/../lib/gcc/arm-none-eabi/10.3.1/../../../../arm-none-eabi/lib/thumb/v7-m/nofp\libg.a(lib_a-wctomb_r.o)
 .ARM.attributes
                0x00000ee7       0x2d c:/progra~2/gnuarm~1/102021~1.10/bin/../lib/gcc/arm-none-eabi/10.3.1/../../../../arm-none-eabi/lib/thumb/v7-m/nofp\libg.a(lib_a-abort.o)
 .ARM.attributes
                0x00000f14       0x2d c:/progra~2/gnuarm~1/102021~1.10/bin/../lib/gcc/arm-none-eabi/10.3.1/../../../../arm-none-eabi/lib/thumb/v7-m/nofp\libg.a(lib_a-ctype_.o)
 .ARM.attributes
                0x00000f41       0x2d c:/progra~2/gnuarm~1/102021~1.10/bin/../lib/gcc/arm-none-eabi/10.3.1/../../../../arm-none-eabi/lib/thumb/v7-m/nofp\libg.a(lib_a-signal.o)
 .ARM.attributes
                0x00000f6e       0x2d c:/progra~2/gnuarm~1/102021~1.10/bin/../lib/gcc/arm-none-eabi/10.3.1/../../../../arm-none-eabi/lib/thumb/v7-m/nofp\libg.a(lib_a-signalr.o)
 .ARM.attributes
                0x00000f9b       0x1d c:/progra~2/gnuarm~1/102021~1.10/bin/../lib/gcc/arm-none-eabi/10.3.1/thumb/v7-m/nofp\libgcc.a(_arm_cmpdf2.o)
 .ARM.attributes
                0x00000fb8       0x1d c:/progra~2/gnuarm~1/102021~1.10/bin/../lib/gcc/arm-none-eabi/10.3.1/thumb/v7-m/nofp\libgcc.a(_arm_unorddf2.o)
 .ARM.attributes
                0x00000fd5       0x1d c:/progra~2/gnuarm~1/102021~1.10/bin/../lib/gcc/arm-none-eabi/10.3.1/thumb/v7-m/nofp\libgcc.a(_arm_fixdfsi.o)
 .ARM.attributes